Flow report for dot_matrix4
Fri Nov 27 15:00:41 2020
Quartus II Version 9.0 Build 132 02/25/2009 SJ Full Version


---------------------
; Table of Contents ;
---------------------
  1. Legal Notice
  2. Flow Summary
  3. Flow Settings
  4. Flow Non-Default Global Settings
  5. Flow Elapsed Time
  6. Flow OS Summary
  7. Flow Log



----------------
; Legal Notice ;
----------------
Copyright (C) 1991-2009 Altera Corporation
Your use of Altera Corporation's design tools, logic functions 
and other software and tools, and its AMPP partner logic 
functions, and any output files from any of the foregoing 
(including device programming or simulation files), and any 
associated documentation or information are expressly subject 
to the terms and conditions of the Altera Program License 
Subscription Agreement, Altera MegaCore Function License 
Agreement, or other applicable license agreement, including, 
without limitation, that your use is for the sole purpose of 
programming logic devices manufactured by Altera and sold by 
Altera or its authorized distributors.  Please refer to the 
applicable agreement for further details.



+-------------------------------------------------------------------------------+
; Flow Summary                                                                  ;
+------------------------------------+------------------------------------------+
; Flow Status                        ; Successful - Fri Nov 27 15:00:39 2020    ;
; Quartus II Version                 ; 9.0 Build 132 02/25/2009 SJ Full Version ;
; Revision Name                      ; dot_matrix4                              ;
; Top-level Entity Name              ; dot_ma4                                  ;
; Family                             ; Cyclone III                              ;
; Device                             ; EP3C55F484I7                             ;
; Timing Models                      ; Final                                    ;
; Met timing requirements            ; N/A                                      ;
; Total logic elements               ; 192 / 55,856 ( < 1 % )                   ;
;     Total combinational functions  ; 188 / 55,856 ( < 1 % )                   ;
;     Dedicated logic registers      ; 60 / 55,856 ( < 1 % )                    ;
; Total registers                    ; 60                                       ;
; Total pins                         ; 22 / 328 ( 7 % )                         ;
; Total virtual pins                 ; 0                                        ;
; Total memory bits                  ; 0 / 2,396,160 ( 0 % )                    ;
; Embedded Multiplier 9-bit elements ; 0 / 312 ( 0 % )                          ;
; Total PLLs                         ; 0 / 4 ( 0 % )                            ;
+------------------------------------+------------------------------------------+


+-----------------------------------------+
; Flow Settings                           ;
+-------------------+---------------------+
; Option            ; Setting             ;
+-------------------+---------------------+
; Start date & time ; 11/27/2020 15:00:29 ;
; Main task         ; Compilation         ;
; Revision Name     ; dot_matrix4         ;
+-------------------+---------------------+


+-----------------------------------------------------------------------------------------------------------------------------------+
; Flow Non-Default Global Settings                                                                                                  ;
+------------------------------------+-----------------------------------------------+---------------+-------------+----------------+
; Assignment Name                    ; Value                                         ; Default Value ; Entity Name ; Section Id     ;
+------------------------------------+-----------------------------------------------+---------------+-------------+----------------+
; COMPILER_SIGNATURE_ID              ; 46894425769.160646042901240                   ; --            ; --          ; --             ;
; MAX_CORE_JUNCTION_TEMP             ; 100                                           ; --            ; --          ; --             ;
; MIN_CORE_JUNCTION_TEMP             ; -40                                           ; --            ; --          ; --             ;
; MISC_FILE                          ; C:/Users/wang/Desktop/dot_ma4/dot_matrix4.dpf ; --            ; --          ; --             ;
; NOMINAL_CORE_SUPPLY_VOLTAGE        ; 1.2V                                          ; --            ; --          ; --             ;
; PARTITION_COLOR                    ; 16764057                                      ; --            ; dot_ma4     ; Top            ;
; PARTITION_NETLIST_TYPE             ; SOURCE                                        ; --            ; dot_ma4     ; Top            ;
; TOP_LEVEL_ENTITY                   ; dot_ma4                                       ; dot_matrix4   ; --          ; --             ;
; USE_GENERATED_PHYSICAL_CONSTRAINTS ; Off                                           ; --            ; --          ; eda_blast_fpga ;
+------------------------------------+-----------------------------------------------+---------------+-------------+----------------+


+-------------------------------------------------------------------------------------------------------------------------------+
; Flow Elapsed Time                                                                                                             ;
+---------------------------+--------------+-------------------------+---------------------+------------------------------------+
; Module Name               ; Elapsed Time ; Average Processors Used ; Peak Virtual Memory ; Total CPU Time (on all processors) ;
+---------------------------+--------------+-------------------------+---------------------+------------------------------------+
; Analysis & Synthesis      ; 00:00:01     ; 1.0                     ; 217 MB              ; 00:00:01                           ;
; Fitter                    ; 00:00:06     ; 1.0                     ; 357 MB              ; 00:00:05                           ;
; Assembler                 ; 00:00:02     ; 1.0                     ; 312 MB              ; 00:00:03                           ;
; TimeQuest Timing Analyzer ; 00:00:01     ; 1.0                     ; 284 MB              ; 00:00:01                           ;
; Total                     ; 00:00:10     ; --                      ; --                  ; 00:00:10                           ;
+---------------------------+--------------+-------------------------+---------------------+------------------------------------+


+--------------------------------------------------------------------------------------------+
; Flow OS Summary                                                                            ;
+---------------------------+------------------+---------------+------------+----------------+
; Module Name               ; Machine Hostname ; OS Name       ; OS Version ; Processor type ;
+---------------------------+------------------+---------------+------------+----------------+
; Analysis & Synthesis      ; R15              ; Windows Vista ; 6.1        ; x86_64         ;
; Fitter                    ; R15              ; Windows Vista ; 6.1        ; x86_64         ;
; Assembler                 ; R15              ; Windows Vista ; 6.1        ; x86_64         ;
; TimeQuest Timing Analyzer ; R15              ; Windows Vista ; 6.1        ; x86_64         ;
+---------------------------+------------------+---------------+------------+----------------+


------------
; Flow Log ;
------------
quartus_map --read_settings_files=on --write_settings_files=off dot_matrix4 -c dot_matrix4
quartus_fit --read_settings_files=off --write_settings_files=off dot_matrix4 -c dot_matrix4
quartus_asm --read_settings_files=off --write_settings_files=off dot_matrix4 -c dot_matrix4
quartus_sta dot_matrix4 -c dot_matrix4



