------------------------------------------------------------
TimeQuest Timing Analyzer Summary
------------------------------------------------------------

Type  : Slow Model Setup 'clk'
Slack : -22.453
TNS   : -178.657

Type  : Slow Model Setup 'en'
Slack : -22.253
TNS   : -148.021

Type  : Slow Model Hold 'clk'
Slack : 0.047
TNS   : 0.000

Type  : Slow Model Hold 'en'
Slack : 0.792
TNS   : 0.000

Type  : Slow Model Recovery 'clk'
Slack : -0.063
TNS   : -0.382

Type  : Slow Model Removal 'clk'
Slack : 0.300
TNS   : 0.000

Type  : Slow Model Minimum Pulse Width 'clk'
Slack : -1.380
TNS   : -10.380

Type  : Slow Model Minimum Pulse Width 'en'
Slack : -1.380
TNS   : -1.380

Type  : Fast Model Setup 'en'
Slack : -9.640
TNS   : -63.847

Type  : Fast Model Setup 'clk'
Slack : -9.359
TNS   : -74.303

Type  : Fast Model Hold 'clk'
Slack : -0.366
TNS   : -1.199

Type  : Fast Model Hold 'en'
Slack : 0.068
TNS   : 0.000

Type  : Fast Model Recovery 'clk'
Slack : 0.231
TNS   : 0.000

Type  : Fast Model Removal 'clk'
Slack : 0.134
TNS   : 0.000

Type  : Fast Model Minimum Pulse Width 'clk'
Slack : -1.380
TNS   : -10.380

Type  : Fast Model Minimum Pulse Width 'en'
Slack : -1.380
TNS   : -1.380

------------------------------------------------------------
