Archive member included because of file (symbol)

c:/altera/10.1/nios2eds/bin/gnu/h-i686-mingw32/bin/../lib/gcc/nios2-elf/4.1.2/../../../../nios2-elf/lib\libc.a(lib_a-puts.o)
                              obj/hello_world.o (puts)
c:/altera/10.1/nios2eds/bin/gnu/h-i686-mingw32/bin/../lib/gcc/nios2-elf/4.1.2/../../../../nios2-elf/lib\libc.a(lib_a-strlen.o)
                              c:/altera/10.1/nios2eds/bin/gnu/h-i686-mingw32/bin/../lib/gcc/nios2-elf/4.1.2/../../../../nios2-elf/lib\libc.a(lib_a-puts.o) (strlen)
c:/altera/10.1/nios2eds/bin/gnu/h-i686-mingw32/bin/../lib/gcc/nios2-elf/4.1.2/../../../../nios2-elf/lib\libc.a(lib_a-fvwrite.o)
                              c:/altera/10.1/nios2eds/bin/gnu/h-i686-mingw32/bin/../lib/gcc/nios2-elf/4.1.2/../../../../nios2-elf/lib\libc.a(lib_a-puts.o) (__sfvwrite_r)
c:/altera/10.1/nios2eds/bin/gnu/h-i686-mingw32/bin/../lib/gcc/nios2-elf/4.1.2/../../../../nios2-elf/lib\libc.a(lib_a-impure.o)
                              c:/altera/10.1/nios2eds/bin/gnu/h-i686-mingw32/bin/../lib/gcc/nios2-elf/4.1.2/../../../../nios2-elf/lib\libc.a(lib_a-puts.o) (_impure_ptr)
c:/altera/10.1/nios2eds/bin/gnu/h-i686-mingw32/bin/../lib/gcc/nios2-elf/4.1.2/../../../../nios2-elf/lib\libc.a(lib_a-mallocr.o)
                              c:/altera/10.1/nios2eds/bin/gnu/h-i686-mingw32/bin/../lib/gcc/nios2-elf/4.1.2/../../../../nios2-elf/lib\libc.a(lib_a-fvwrite.o) (_malloc_r)
c:/altera/10.1/nios2eds/bin/gnu/h-i686-mingw32/bin/../lib/gcc/nios2-elf/4.1.2/../../../../nios2-elf/lib\libc.a(lib_a-memchr.o)
                              c:/altera/10.1/nios2eds/bin/gnu/h-i686-mingw32/bin/../lib/gcc/nios2-elf/4.1.2/../../../../nios2-elf/lib\libc.a(lib_a-fvwrite.o) (memchr)
c:/altera/10.1/nios2eds/bin/gnu/h-i686-mingw32/bin/../lib/gcc/nios2-elf/4.1.2/../../../../nios2-elf/lib\libc.a(lib_a-memcpy.o)
                              c:/altera/10.1/nios2eds/bin/gnu/h-i686-mingw32/bin/../lib/gcc/nios2-elf/4.1.2/../../../../nios2-elf/lib\libc.a(lib_a-fvwrite.o) (memcpy)
c:/altera/10.1/nios2eds/bin/gnu/h-i686-mingw32/bin/../lib/gcc/nios2-elf/4.1.2/../../../../nios2-elf/lib\libc.a(lib_a-memmove.o)
                              c:/altera/10.1/nios2eds/bin/gnu/h-i686-mingw32/bin/../lib/gcc/nios2-elf/4.1.2/../../../../nios2-elf/lib\libc.a(lib_a-fvwrite.o) (memmove)
c:/altera/10.1/nios2eds/bin/gnu/h-i686-mingw32/bin/../lib/gcc/nios2-elf/4.1.2/../../../../nios2-elf/lib\libc.a(lib_a-reallocr.o)
                              c:/altera/10.1/nios2eds/bin/gnu/h-i686-mingw32/bin/../lib/gcc/nios2-elf/4.1.2/../../../../nios2-elf/lib\libc.a(lib_a-fvwrite.o) (_realloc_r)
c:/altera/10.1/nios2eds/bin/gnu/h-i686-mingw32/bin/../lib/gcc/nios2-elf/4.1.2/../../../../nios2-elf/lib\libc.a(lib_a-sbrkr.o)
                              c:/altera/10.1/nios2eds/bin/gnu/h-i686-mingw32/bin/../lib/gcc/nios2-elf/4.1.2/../../../../nios2-elf/lib\libc.a(lib_a-mallocr.o) (_sbrk_r)
c:/altera/10.1/nios2eds/bin/gnu/h-i686-mingw32/bin/../lib/gcc/nios2-elf/4.1.2/../../../../nios2-elf/lib\libc.a(lib_a-wsetup.o)
                              c:/altera/10.1/nios2eds/bin/gnu/h-i686-mingw32/bin/../lib/gcc/nios2-elf/4.1.2/../../../../nios2-elf/lib\libc.a(lib_a-fvwrite.o) (__swsetup_r)
c:/altera/10.1/nios2eds/bin/gnu/h-i686-mingw32/bin/../lib/gcc/nios2-elf/4.1.2/../../../../nios2-elf/lib\libc.a(lib_a-fflush.o)
                              c:/altera/10.1/nios2eds/bin/gnu/h-i686-mingw32/bin/../lib/gcc/nios2-elf/4.1.2/../../../../nios2-elf/lib\libc.a(lib_a-fvwrite.o) (_fflush_r)
c:/altera/10.1/nios2eds/bin/gnu/h-i686-mingw32/bin/../lib/gcc/nios2-elf/4.1.2/../../../../nios2-elf/lib\libc.a(lib_a-findfp.o)
                              c:/altera/10.1/nios2eds/bin/gnu/h-i686-mingw32/bin/../lib/gcc/nios2-elf/4.1.2/../../../../nios2-elf/lib\libc.a(lib_a-wsetup.o) (__sinit)
c:/altera/10.1/nios2eds/bin/gnu/h-i686-mingw32/bin/../lib/gcc/nios2-elf/4.1.2/../../../../nios2-elf/lib\libc.a(lib_a-freer.o)
                              c:/altera/10.1/nios2eds/bin/gnu/h-i686-mingw32/bin/../lib/gcc/nios2-elf/4.1.2/../../../../nios2-elf/lib\libc.a(lib_a-fvwrite.o) (_free_r)
c:/altera/10.1/nios2eds/bin/gnu/h-i686-mingw32/bin/../lib/gcc/nios2-elf/4.1.2/../../../../nios2-elf/lib\libc.a(lib_a-fwalk.o)
                              c:/altera/10.1/nios2eds/bin/gnu/h-i686-mingw32/bin/../lib/gcc/nios2-elf/4.1.2/../../../../nios2-elf/lib\libc.a(lib_a-fflush.o) (_fwalk_reent)
c:/altera/10.1/nios2eds/bin/gnu/h-i686-mingw32/bin/../lib/gcc/nios2-elf/4.1.2/../../../../nios2-elf/lib\libc.a(lib_a-int_errno.o)
                              c:/altera/10.1/nios2eds/bin/gnu/h-i686-mingw32/bin/../lib/gcc/nios2-elf/4.1.2/../../../../nios2-elf/lib\libc.a(lib_a-sbrkr.o) (errno)
c:/altera/10.1/nios2eds/bin/gnu/h-i686-mingw32/bin/../lib/gcc/nios2-elf/4.1.2/../../../../nios2-elf/lib\libc.a(lib_a-makebuf.o)
                              c:/altera/10.1/nios2eds/bin/gnu/h-i686-mingw32/bin/../lib/gcc/nios2-elf/4.1.2/../../../../nios2-elf/lib\libc.a(lib_a-wsetup.o) (__smakebuf_r)
[...]
Memory Configuration

Name             Origin             Length             Attributes
reset            0x00040000         0x00000020
onchip_mem       0x00040020         0x00020238
*default*        0x00000000         0xffffffff

Linker script and memory map

LOAD ../hello_world_bsp/obj/HAL/src/crt0.o
LOAD obj/hello_world.o
LOAD c:/altera/10.1/nios2eds/bin/gnu/h-i686-mingw32/bin/../lib/gcc/nios2-elf/4.1.2/../../../../nios2-elf/lib\libstdc++.a
LOAD c:/altera/10.1/nios2eds/bin/gnu/h-i686-mingw32/bin/../lib/gcc/nios2-elf/4.1.2/../../../../nios2-elf/lib\libm.a
LOAD c:/altera/10.1/nios2eds/bin/gnu/h-i686-mingw32/bin/../lib/gcc/nios2-elf/4.1.2\libgcc.a
START GROUP
LOAD c:/altera/10.1/nios2eds/bin/gnu/h-i686-mingw32/bin/../lib/gcc/nios2-elf/4.1.2/../../../../nios2-elf/lib\libc.a
LOAD c:/altera/10.1/nios2eds/bin/gnu/h-i686-mingw32/bin/../lib/gcc/nios2-elf/4.1.2\libgcc.a
LOAD ../hello_world_bsp\libhal_bsp.a
END GROUP
LOAD c:/altera/10.1/nios2eds/bin/gnu/h-i686-mingw32/bin/../lib/gcc/nios2-elf/4.1.2\libgcc.a
                0x00040000                __alt_mem_onchip_mem = 0x40000

.entry          0x00040000       0x20
 *(.entry)
 .entry         0x00040000       0x20 ../hello_world_bsp/obj/HAL/src/crt0.o
                0x00040000                __reset

.exceptions     0x00040020      0x194
                0x00040020                PROVIDE (__ram_exceptions_start, ABSOLUTE (.))
                0x00040020                . = ALIGN (0x20)
 *(.irq)
 *(.exceptions.entry.label)
 .exceptions.entry.label
                0x00040020        0x0 ../hello_world_bsp\libhal_bsp.a(alt_irq_entry.o)
                0x00040020                alt_irq_entry
 .exceptions.entry.label
                0x00040020        0x0 ../hello_world_bsp\libhal_bsp.a(alt_exception_entry.o)
                0x00040020                alt_exception
 *(.exceptions.entry.user)
 *(.exceptions.entry)
 .exceptions.entry
                0x00040020       0x54 ../hello_world_bsp\libhal_bsp.a(alt_exception_entry.o)
 *(.exceptions.irqtest.user)
 *(.exceptions.irqtest)
 .exceptions.irqtest
                0x00040074       0x10 ../hello_world_bsp\libhal_bsp.a(alt_irq_entry.o)
 *(.exceptions.irqhandler.user)
 *(.exceptions.irqhandler)
 .exceptions.irqhandler
                0x00040084        0x4 ../hello_world_bsp\libhal_bsp.a(alt_irq_entry.o)
 *(.exceptions.irqreturn.user)
 *(.exceptions.irqreturn)
 .exceptions.irqreturn
                0x00040088        0x4 ../hello_world_bsp\libhal_bsp.a(alt_irq_entry.o)
 *(.exceptions.notirq.label)
 .exceptions.notirq.label
                0x0004008c        0x0 ../hello_world_bsp\libhal_bsp.a(alt_irq_entry.o)
 *(.exceptions.notirq.user)
 *(.exceptions.notirq)
 .exceptions.notirq
                0x0004008c        0x8 ../hello_world_bsp\libhal_bsp.a(alt_exception_entry.o)
 *(.exceptions.soft.user)
 *(.exceptions.soft)
 *(.exceptions.unknown.user)
 *(.exceptions.unknown)
 .exceptions.unknown
                0x00040094        0x4 ../hello_world_bsp\libhal_bsp.a(alt_exception_entry.o)
 *(.exceptions.exit.label)
 .exceptions.exit.label
                0x00040098        0x0 ../hello_world_bsp\libhal_bsp.a(alt_irq_entry.o)
 .exceptions.exit.label
                0x00040098        0x0 ../hello_world_bsp\libhal_bsp.a(alt_exception_entry.o)
 *(.exceptions.exit.user)
 *(.exceptions.exit)
 .exceptions.exit
                0x00040098       0x54 ../hello_world_bsp\libhal_bsp.a(alt_exception_entry.o)
 *(.exceptions)
 .exceptions    0x000400ec       0xc8 ../hello_world_bsp\libhal_bsp.a(alt_irq_handler.o)
                0x000400ec                alt_irq_handler
                0x000401b4                PROVIDE (__ram_exceptions_end, ABSOLUTE (.))
                0x00040020                PROVIDE (__flash_exceptions_start, LOADADDR (.exceptions))

.text           0x000401b4     0x533c
                0x000401b4                PROVIDE (stext, ABSOLUTE (.))
 *(.interp)
 *(.hash)
 *(.dynsym)
 *(.dynstr)
 *(.gnu.version)
 *(.gnu.version_d)
 *(.gnu.version_r)
 *(.rel.init)
 *(.rela.init)
 *(.rel.text .rel.text.* .rel.gnu.linkonce.t.*)
 *(.rela.text .rela.text.* .rela.gnu.linkonce.t.*)
 *(.rel.fini)
 *(.rela.fini)
 *(.rel.rodata .rel.rodata.* .rel.gnu.linkonce.r.*)
 *(.rela.rodata .rela.rodata.* .rela.gnu.linkonce.r.*)
 *(.rel.data .rel.data.* .rel.gnu.linkonce.d.*)
 *(.rela.data .rela.data.* .rela.gnu.linkonce.d.*)
 *(.rel.tdata .rel.tdata.* .rel.gnu.linkonce.td.*)
 *(.rela.tdata .rela.tdata.* .rela.gnu.linkonce.td.*)
 *(.rel.tbss .rel.tbss.* .rel.gnu.linkonce.tb.*)
 *(.rela.tbss .rela.tbss.* .rela.gnu.linkonce.tb.*)
 *(.rel.ctors)
 *(.rela.ctors)
 *(.rel.dtors)
 *(.rela.dtors)
 *(.rel.got)
 *(.rela.got)
 *(.rel.sdata .rel.sdata.* .rel.gnu.linkonce.s.*)
 *(.rela.sdata .rela.sdata.* .rela.gnu.linkonce.s.*)
 *(.rel.sbss .rel.sbss.* .rel.gnu.linkonce.sb.*)
 *(.rela.sbss .rela.sbss.* .rela.gnu.linkonce.sb.*)
 *(.rel.sdata2 .rel.sdata2.* .rel.gnu.linkonce.s2.*)
 *(.rela.sdata2 .rela.sdata2.* .rela.gnu.linkonce.s2.*)
 *(.rel.sbss2 .rel.sbss2.* .rel.gnu.linkonce.sb2.*)
 *(.rela.sbss2 .rela.sbss2.* .rela.gnu.linkonce.sb2.*)
 *(.rel.bss .rel.bss.* .rel.gnu.linkonce.b.*)
 *(.rela.bss .rela.bss.* .rela.gnu.linkonce.b.*)
 *(.rel.plt)
 *(.rela.plt)
 *(.rel.dyn)
 *(.init)
 *(.plt)
 *(.text .stub .text.* .gnu.linkonce.t.*)
 .text          0x000401b4       0x4c ../hello_world_bsp/obj/HAL/src/crt0.o
                0x000401b4                _start
 .text          0x00040200       0x68 obj/hello_world.o
                0x00040200                main
 .text          0x00040268       0xb4 c:/altera/10.1/nios2eds/bin/gnu/h-i686-mingw32/bin/../lib/gcc/nios2-elf/4.1.2/../../../../nios2-elf/lib\libc.a(lib_a-puts.o)
                0x00040268                _puts_r
                0x00040308                puts
 .text          0x0004031c       0x74 c:/altera/10.1/nios2eds/bin/gnu/h-i686-mingw32/bin/../lib/gcc/nios2-elf/4.1.2/../../../../nios2-elf/lib\libc.a(lib_a-strlen.o)
                0x0004031c                strlen
 .text          0x00040390      0x49c c:/altera/10.1/nios2eds/bin/gnu/h-i686-mingw32/bin/../lib/gcc/nios2-elf/4.1.2/../../../../nios2-elf/lib\libc.a(lib_a-fvwrite.o)
                0x00040390                __sfvwrite_r
 .text          0x0004082c        0x0 c:/altera/10.1/nios2eds/bin/gnu/h-i686-mingw32/bin/../lib/gcc/nios2-elf/4.1.2/../../../../nios2-elf/lib\libc.a(lib_a-impure.o)
 .text          0x0004082c      0x740 c:/altera/10.1/nios2eds/bin/gnu/h-i686-mingw32/bin/../lib/gcc/nios2-elf/4.1.2/../../../../nios2-elf/lib\libc.a(lib_a-mallocr.o)
                0x0004082c                _malloc_r
 .text          0x00040f6c       0xe4 c:/altera/10.1/nios2eds/bin/gnu/h-i686-mingw32/bin/../lib/gcc/nios2-elf/4.1.2/../../../../nios2-elf/lib\libc.a(lib_a-memchr.o)
                0x00040f6c                memchr
 .text          0x00041050       0xa0 c:/altera/10.1/nios2eds/bin/gnu/h-i686-mingw32/bin/../lib/gcc/nios2-elf/4.1.2/../../../../nios2-elf/lib\libc.a(lib_a-memcpy.o)
                0x00041050                memcpy
 .text          0x000410f0       0xe0 c:/altera/10.1/nios2eds/bin/gnu/h-i686-mingw32/bin/../lib/gcc/nios2-elf/4.1.2/../../../../nios2-elf/lib\libc.a(lib_a-memmove.o)
                0x000410f0                memmove
 .text          0x000411d0      0x5f4 c:/altera/10.1/nios2eds/bin/gnu/h-i686-mingw32/bin/../lib/gcc/nios2-elf/4.1.2/../../../../nios2-elf/lib\libc.a(lib_a-reallocr.o)
                0x000411d0                _realloc_r
 .text          0x000417c4       0x70 c:/altera/10.1/nios2eds/bin/gnu/h-i686-mingw32/bin/../lib/gcc/nios2-elf/4.1.2/../../../../nios2-elf/lib\libc.a(lib_a-sbrkr.o)
                0x000417c4                _sbrk_r
 .text          0x00041834      0x13c c:/altera/10.1/nios2eds/bin/gnu/h-i686-mingw32/bin/../lib/gcc/nios2-elf/4.1.2/../../../../nios2-elf/lib\libc.a(lib_a-wsetup.o)
                0x00041834                __swsetup_r
 .text          0x00041970      0x230 c:/altera/10.1/nios2eds/bin/gnu/h-i686-mingw32/bin/../lib/gcc/nios2-elf/4.1.2/../../../../nios2-elf/lib\libc.a(lib_a-fflush.o)
                0x00041970                _fflush_r
                0x00041b6c                fflush
 .text          0x00041ba0      0x2c0 c:/altera/10.1/nios2eds/bin/gnu/h-i686-mingw32/bin/../lib/gcc/nios2-elf/4.1.2/../../../../nios2-elf/lib\libc.a(lib_a-findfp.o)
                0x00041bf8                __sfp_lock_acquire
                0x00041bfc                __sfp_lock_release
                0x00041c00                __sinit_lock_acquire
                0x00041c04                __sinit_lock_release
                0x00041c08                __sinit
                0x00041cbc                __fp_unlock_all
                0x00041cd4                __fp_lock_all
                0x00041cec                _cleanup_r
                0x00041cf8                _cleanup
                0x00041d08                __sfmoreglue
                0x00041d70                __sfp
 .text          0x00041e60      0x440 c:/altera/10.1/nios2eds/bin/gnu/h-i686-mingw32/bin/../lib/gcc/nios2-elf/4.1.2/../../../../nios2-elf/lib\libc.a(lib_a-freer.o)
                0x00041e60                _malloc_trim_r
                0x00041f8c                _free_r
 .text          0x000422a0      0x180 c:/altera/10.1/nios2eds/bin/gnu/h-i686-mingw32/bin/../lib/gcc/nios2-elf/4.1.2/../../../../nios2-elf/lib\libc.a(lib_a-fwalk.o)
                0x000422a0                _fwalk_reent
                0x00042368                _fwalk
 .text          0x00042420        0x0 c:/altera/10.1/nios2eds/bin/gnu/h-i686-mingw32/bin/../lib/gcc/nios2-elf/4.1.2/../../../../nios2-elf/lib\libc.a(lib_a-int_errno.o)
 .text          0x00042420      0x194 c:/altera/10.1/nios2eds/bin/gnu/h-i686-mingw32/bin/../lib/gcc/nios2-elf/4.1.2/../../../../nios2-elf/lib\libc.a(lib_a-makebuf.o)
                0x00042420                __smakebuf_r
 .text          0x000425b4       0x98 c:/altera/10.1/nios2eds/bin/gnu/h-i686-mingw32/bin/../lib/gcc/nios2-elf/4.1.2/../../../../nios2-elf/lib\libc.a(lib_a-memset.o)
                0x000425b4                memset
 .text          0x0004264c      0x14c c:/altera/10.1/nios2eds/bin/gnu/h-i686-mingw32/bin/../lib/gcc/nios2-elf/4.1.2/../../../../nios2-elf/lib\libc.a(lib_a-stdio.o)
                0x0004264c                __sclose
                0x00042654                __sseek
                0x000426bc                __swrite
                0x00042738                __sread
 .text          0x00042798       0x78 c:/altera/10.1/nios2eds/bin/gnu/h-i686-mingw32/bin/../lib/gcc/nios2-elf/4.1.2/../../../../nios2-elf/lib\libc.a(lib_a-writer.o)
                0x00042798                _write_r
 .text          0x00042810       0x70 c:/altera/10.1/nios2eds/bin/gnu/h-i686-mingw32/bin/../lib/gcc/nios2-elf/4.1.2/../../../../nios2-elf/lib\libc.a(lib_a-closer.o)
                0x00042810                _close_r
 .text          0x00042880      0x124 c:/altera/10.1/nios2eds/bin/gnu/h-i686-mingw32/bin/../lib/gcc/nios2-elf/4.1.2/../../../../nios2-elf/lib\libc.a(lib_a-fclose.o)
                0x00042880                _fclose_r
                0x00042990                fclose
 .text          0x000429a4       0x74 c:/altera/10.1/nios2eds/bin/gnu/h-i686-mingw32/bin/../lib/gcc/nios2-elf/4.1.2/../../../../nios2-elf/lib\libc.a(lib_a-fstatr.o)
                0x000429a4                _fstat_r
 .text          0x00042a18       0x70 c:/altera/10.1/nios2eds/bin/gnu/h-i686-mingw32/bin/../lib/gcc/nios2-elf/4.1.2/../../../../nios2-elf/lib\libc.a(lib_a-isattyr.o)
                0x00042a18                _isatty_r
 .text          0x00042a88       0x78 c:/altera/10.1/nios2eds/bin/gnu/h-i686-mingw32/bin/../lib/gcc/nios2-elf/4.1.2/../../../../nios2-elf/lib\libc.a(lib_a-lseekr.o)
                0x00042a88                _lseek_r
 .text          0x00042b00       0x78 c:/altera/10.1/nios2eds/bin/gnu/h-i686-mingw32/bin/../lib/gcc/nios2-elf/4.1.2/../../../../nios2-elf/lib\libc.a(lib_a-readr.o)
                0x00042b00                _read_r
 .text          0x00042b78      0x15c ../hello_world_bsp\libhal_bsp.a(alt_close.o)
                0x00042b78                close
 .text          0x00042cd4       0x2c ../hello_world_bsp\libhal_bsp.a(alt_dev.o)
 .text          0x00042d00        0x0 ../hello_world_bsp\libhal_bsp.a(alt_errno.o)
 .text          0x00042d00      0x134 ../hello_world_bsp\libhal_bsp.a(alt_fstat.o)
                0x00042d00                fstat
 .text          0x00042e34      0x120 ../hello_world_bsp\libhal_bsp.a(alt_isatty.o)
                0x00042e34                isatty
 .text          0x00042f54       0xec ../hello_world_bsp\libhal_bsp.a(alt_load.o)
                0x00042f54                alt_load
 .text          0x00043040      0x150 ../hello_world_bsp\libhal_bsp.a(alt_lseek.o)
                0x00043040                lseek
 .text          0x00043190       0x6c ../hello_world_bsp\libhal_bsp.a(alt_main.o)
                0x00043190                alt_main
 .text          0x000431fc       0x40 ../hello_world_bsp\libhal_bsp.a(alt_malloc_lock.o)
                0x000431fc                __malloc_lock
                0x0004321c                __malloc_unlock
 .text          0x0004323c      0x180 ../hello_world_bsp\libhal_bsp.a(alt_read.o)
                0x0004323c                read
 .text          0x000433bc       0x60 ../hello_world_bsp\libhal_bsp.a(alt_release_fd.o)
                0x000433bc                alt_release_fd
 .text          0x0004341c       0xbc ../hello_world_bsp\libhal_bsp.a(alt_sbrk.o)
                0x0004341c                sbrk
 .text          0x000434d8      0x180 ../hello_world_bsp\libhal_bsp.a(alt_write.o)
                0x000434d8                write
 .text          0x00043658       0xb0 ../hello_world_bsp\libhal_bsp.a(alt_sys_init.o)
                0x00043658                alt_irq_init
                0x0004368c                alt_sys_init
 .text          0x00043708      0x148 ../hello_world_bsp\libhal_bsp.a(altera_avalon_jtag_uart_fd.o)
                0x00043708                altera_avalon_jtag_uart_read_fd
                0x00043760                altera_avalon_jtag_uart_write_fd
                0x000437b8                altera_avalon_jtag_uart_close_fd
                0x00043800                altera_avalon_jtag_uart_ioctl_fd
 .text          0x00043850      0x40c ../hello_world_bsp\libhal_bsp.a(altera_avalon_jtag_uart_init.o)
                0x00043850                altera_avalon_jtag_uart_init
                0x00043be8                altera_avalon_jtag_uart_close
 .text          0x00043c5c       0xf4 ../hello_world_bsp\libhal_bsp.a(altera_avalon_jtag_uart_ioctl.o)
                0x00043c5c                altera_avalon_jtag_uart_ioctl
 .text          0x00043d50      0x224 ../hello_world_bsp\libhal_bsp.a(altera_avalon_jtag_uart_read.o)
                0x00043d50                altera_avalon_jtag_uart_read
 .text          0x00043f74      0x240 ../hello_world_bsp\libhal_bsp.a(altera_avalon_jtag_uart_write.o)
                0x00043f74                altera_avalon_jtag_uart_write
 .text          0x000441b4      0x154 ../hello_world_bsp\libhal_bsp.a(alt_alarm_start.o)
                0x000441b4                alt_alarm_start
 .text          0x00044308       0x44 ../hello_world_bsp\libhal_bsp.a(alt_dcache_flush_all.o)
                0x00044308                alt_dcache_flush_all
 .text          0x0004434c      0x114 ../hello_world_bsp\libhal_bsp.a(alt_dev_llist_insert.o)
                0x0004434c                alt_dev_llist_insert
 .text          0x00044460       0x64 ../hello_world_bsp\libhal_bsp.a(alt_do_ctors.o)
                0x00044460                _do_ctors
 .text          0x000444c4       0x64 ../hello_world_bsp\libhal_bsp.a(alt_do_dtors.o)
                0x000444c4                _do_dtors
 .text          0x00044528       0x30 ../hello_world_bsp\libhal_bsp.a(alt_icache_flush_all.o)
                0x00044528                alt_icache_flush_all
 .text          0x00044558      0x1d4 ../hello_world_bsp\libhal_bsp.a(alt_iic.o)
                0x00044558                alt_ic_isr_register
                0x000445a8                alt_ic_irq_enable
                0x00044644                alt_ic_irq_disable
                0x000446e4                alt_ic_irq_enabled
 .text          0x0004472c       0xf8 ../hello_world_bsp\libhal_bsp.a(alt_iic_isr_register.o)
                0x0004472c                alt_iic_isr_register
 .text          0x00044824      0x13c ../hello_world_bsp\libhal_bsp.a(alt_io_redirect.o)
                0x000448e8                alt_io_redirect
 .text          0x00044960        0x0 ../hello_world_bsp\libhal_bsp.a(alt_irq_entry.o)
 .text          0x00044960        0x0 ../hello_world_bsp\libhal_bsp.a(alt_irq_handler.o)
 .text          0x00044960        0x0 ../hello_world_bsp\libhal_bsp.a(alt_irq_vars.o)
 .text          0x00044960      0x2c4 ../hello_world_bsp\libhal_bsp.a(alt_open.o)
                0x00044a3c                open
 .text          0x00044c24      0x1a4 ../hello_world_bsp\libhal_bsp.a(alt_tick.o)
                0x00044c24                alt_alarm_stop
                0x00044cbc                alt_tick
 .text          0x00044dc8       0x20 ../hello_world_bsp\libhal_bsp.a(altera_nios2_qsys_irq.o)
                0x00044dc8                altera_nios2_qsys_irq_init
 .text          0x00044de8        0x0 ../hello_world_bsp\libhal_bsp.a(alt_exception_entry.o)
 .text          0x00044de8       0x94 ../hello_world_bsp\libhal_bsp.a(alt_find_dev.o)
                0x00044de8                alt_find_dev
 .text          0x00044e7c      0x120 ../hello_world_bsp\libhal_bsp.a(alt_find_file.o)
                0x00044e7c                alt_find_file
 .text          0x00044f9c       0xb8 ../hello_world_bsp\libhal_bsp.a(alt_get_fd.o)
                0x00044f9c                alt_get_fd
 .text          0x00045054       0x90 ../hello_world_bsp\libhal_bsp.a(alt_icache_flush.o)
                0x00045054                alt_icache_flush
 .text          0x000450e4       0x14 c:/altera/10.1/nios2eds/bin/gnu/h-i686-mingw32/bin/../lib/gcc/nios2-elf/4.1.2/../../../../nios2-elf/lib\libc.a(lib_a-atexit.o)
                0x000450e4                atexit
 .text          0x000450f8       0x38 c:/altera/10.1/nios2eds/bin/gnu/h-i686-mingw32/bin/../lib/gcc/nios2-elf/4.1.2/../../../../nios2-elf/lib\libc.a(lib_a-exit.o)
                0x000450f8                exit
 .text          0x00045130       0x74 c:/altera/10.1/nios2eds/bin/gnu/h-i686-mingw32/bin/../lib/gcc/nios2-elf/4.1.2/../../../../nios2-elf/lib\libc.a(lib_a-memcmp.o)
                0x00045130                memcmp
 .text          0x000451a4      0x134 c:/altera/10.1/nios2eds/bin/gnu/h-i686-mingw32/bin/../lib/gcc/nios2-elf/4.1.2/../../../../nios2-elf/lib\libc.a(lib_a-__atexit.o)
                0x000451a4                __register_exitproc
 .text          0x000452d8      0x1b4 c:/altera/10.1/nios2eds/bin/gnu/h-i686-mingw32/bin/../lib/gcc/nios2-elf/4.1.2/../../../../nios2-elf/lib\libc.a(lib_a-__call_atexit.o)
                0x000452dc                __call_exitprocs
 .text          0x0004548c       0x60 ../hello_world_bsp\libhal_bsp.a(alt_exit.o)
                0x000454cc                _exit
 *(.gnu.warning.*)
 *(.fini)
                0x000454ec                PROVIDE (__etext, ABSOLUTE (.))
                0x000454ec                PROVIDE (_etext, ABSOLUTE (.))
                0x000454ec                PROVIDE (etext, ABSOLUTE (.))
 *(.eh_frame_hdr)
                0x000454ec                . = ALIGN (0x4)
                0x000454ec                PROVIDE (__preinit_array_start, ABSOLUTE (.))
 *(.preinit_array)
                0x000454ec                PROVIDE (__preinit_array_end, ABSOLUTE (.))
                0x000454ec                PROVIDE (__init_array_start, ABSOLUTE (.))
 *(.init_array)
                0x000454ec                PROVIDE (__init_array_end, ABSOLUTE (.))
                0x000454ec                PROVIDE (__fini_array_start, ABSOLUTE (.))
 *(.fini_array)
                0x000454ec                PROVIDE (__fini_array_end, ABSOLUTE (.))
 *(.eh_frame)
 *(.gcc_except_table)
 *(.dynamic)
                0x000454ec                PROVIDE (__CTOR_LIST__, ABSOLUTE (.))
 *(.ctors)
 *(SORT(.ctors.*))
 .ctors.65535   0x000454ec        0x4 c:/altera/10.1/nios2eds/bin/gnu/h-i686-mingw32/bin/../lib/gcc/nios2-elf/4.1.2/../../../../nios2-elf/lib\libc.a(lib_a-__call_atexit.o)
                0x000454f0                PROVIDE (__CTOR_END__, ABSOLUTE (.))
                0x000454f0                PROVIDE (__DTOR_LIST__, ABSOLUTE (.))
 *(.dtors)
 *(SORT(.dtors.*))
                0x000454f0                PROVIDE (__DTOR_END__, ABSOLUTE (.))
 *(.jcr)
                0x000454f0                . = ALIGN (0x4)

.rodata         0x000454f0       0x48
                0x000454f0                PROVIDE (__ram_rodata_start, ABSOLUTE (.))
                0x000454f0                . = ALIGN (0x4)
 *(.rodata .rodata.* .gnu.linkonce.r.*)
 .rodata        0x000454f0       0x14 obj/hello_world.o
 .rodata.str1.4
                0x00045504        0x2 c:/altera/10.1/nios2eds/bin/gnu/h-i686-mingw32/bin/../lib/gcc/nios2-elf/4.1.2/../../../../nios2-elf/lib\libc.a(lib_a-puts.o)
                                  0x4 (size before relaxing)
 *fill*         0x00045506        0x2 00
 .rodata.str1.4
                0x00045508        0x4 c:/altera/10.1/nios2eds/bin/gnu/h-i686-mingw32/bin/../lib/gcc/nios2-elf/4.1.2/../../../../nios2-elf/lib\libc.a(lib_a-impure.o)
 .rodata        0x0004550c        0xc ../hello_world_bsp\libhal_bsp.a(alt_dev.o)
 .rodata        0x00045518       0x10 ../hello_world_bsp\libhal_bsp.a(alt_main.o)
 .rodata        0x00045528       0x10 ../hello_world_bsp\libhal_bsp.a(alt_sys_init.o)
 *(.rodata1)
                0x00045538                . = ALIGN (0x4)
                0x00045538                PROVIDE (__ram_rodata_end, ABSOLUTE (.))
                0x000454f0                PROVIDE (__flash_rodata_start, LOADADDR (.rodata))

.rwdata         0x00045538     0x1a48 load address 0x00046f80
                0x00045538                PROVIDE (__ram_rwdata_start, ABSOLUTE (.))
                0x00045538                . = ALIGN (0x4)
 *(.got.plt)
 *(.got)
 *(.data1)
 *(.data .data.* .gnu.linkonce.d.*)
 .data          0x00045538        0x0 ../hello_world_bsp/obj/HAL/src/crt0.o
 .data          0x00045538        0x0 obj/hello_world.o
 .data          0x00045538        0x0 c:/altera/10.1/nios2eds/bin/gnu/h-i686-mingw32/bin/../lib/gcc/nios2-elf/4.1.2/../../../../nios2-elf/lib\libc.a(lib_a-puts.o)
 .data          0x00045538        0x0 c:/altera/10.1/nios2eds/bin/gnu/h-i686-mingw32/bin/../lib/gcc/nios2-elf/4.1.2/../../../../nios2-elf/lib\libc.a(lib_a-strlen.o)
 .data          0x00045538        0x0 c:/altera/10.1/nios2eds/bin/gnu/h-i686-mingw32/bin/../lib/gcc/nios2-elf/4.1.2/../../../../nios2-elf/lib\libc.a(lib_a-fvwrite.o)
 .data          0x00045538      0x400 c:/altera/10.1/nios2eds/bin/gnu/h-i686-mingw32/bin/../lib/gcc/nios2-elf/4.1.2/../../../../nios2-elf/lib\libc.a(lib_a-impure.o)
 .data          0x00045938      0x408 c:/altera/10.1/nios2eds/bin/gnu/h-i686-mingw32/bin/../lib/gcc/nios2-elf/4.1.2/../../../../nios2-elf/lib\libc.a(lib_a-mallocr.o)
                0x00045938                __malloc_av_
 .data          0x00045d40        0x0 c:/altera/10.1/nios2eds/bin/gnu/h-i686-mingw32/bin/../lib/gcc/nios2-elf/4.1.2/../../../../nios2-elf/lib\libc.a(lib_a-memchr.o)
 .data          0x00045d40        0x0 c:/altera/10.1/nios2eds/bin/gnu/h-i686-mingw32/bin/../lib/gcc/nios2-elf/4.1.2/../../../../nios2-elf/lib\libc.a(lib_a-memcpy.o)
 .data          0x00045d40        0x0 c:/altera/10.1/nios2eds/bin/gnu/h-i686-mingw32/bin/../lib/gcc/nios2-elf/4.1.2/../../../../nios2-elf/lib\libc.a(lib_a-memmove.o)
 .data          0x00045d40        0x0 c:/altera/10.1/nios2eds/bin/gnu/h-i686-mingw32/bin/../lib/gcc/nios2-elf/4.1.2/../../../../nios2-elf/lib\libc.a(lib_a-reallocr.o)
 .data          0x00045d40        0x0 c:/altera/10.1/nios2eds/bin/gnu/h-i686-mingw32/bin/../lib/gcc/nios2-elf/4.1.2/../../../../nios2-elf/lib\libc.a(lib_a-sbrkr.o)
 .data          0x00045d40        0x0 c:/altera/10.1/nios2eds/bin/gnu/h-i686-mingw32/bin/../lib/gcc/nios2-elf/4.1.2/../../../../nios2-elf/lib\libc.a(lib_a-wsetup.o)
 .data          0x00045d40        0x0 c:/altera/10.1/nios2eds/bin/gnu/h-i686-mingw32/bin/../lib/gcc/nios2-elf/4.1.2/../../../../nios2-elf/lib\libc.a(lib_a-fflush.o)
 .data          0x00045d40        0x0 c:/altera/10.1/nios2eds/bin/gnu/h-i686-mingw32/bin/../lib/gcc/nios2-elf/4.1.2/../../../../nios2-elf/lib\libc.a(lib_a-findfp.o)
 .data          0x00045d40        0x0 c:/altera/10.1/nios2eds/bin/gnu/h-i686-mingw32/bin/../lib/gcc/nios2-elf/4.1.2/../../../../nios2-elf/lib\libc.a(lib_a-freer.o)
 .data          0x00045d40        0x0 c:/altera/10.1/nios2eds/bin/gnu/h-i686-mingw32/bin/../lib/gcc/nios2-elf/4.1.2/../../../../nios2-elf/lib\libc.a(lib_a-fwalk.o)
 .data          0x00045d40        0x0 c:/altera/10.1/nios2eds/bin/gnu/h-i686-mingw32/bin/../lib/gcc/nios2-elf/4.1.2/../../../../nios2-elf/lib\libc.a(lib_a-int_errno.o)
 .data          0x00045d40        0x0 c:/altera/10.1/nios2eds/bin/gnu/h-i686-mingw32/bin/../lib/gcc/nios2-elf/4.1.2/../../../../nios2-elf/lib\libc.a(lib_a-makebuf.o)
 .data          0x00045d40        0x0 c:/altera/10.1/nios2eds/bin/gnu/h-i686-mingw32/bin/../lib/gcc/nios2-elf/4.1.2/../../../../nios2-elf/lib\libc.a(lib_a-memset.o)
 .data          0x00045d40        0x0 c:/altera/10.1/nios2eds/bin/gnu/h-i686-mingw32/bin/../lib/gcc/nios2-elf/4.1.2/../../../../nios2-elf/lib\libc.a(lib_a-stdio.o)
 .data          0x00045d40        0x0 c:/altera/10.1/nios2eds/bin/gnu/h-i686-mingw32/bin/../lib/gcc/nios2-elf/4.1.2/../../../../nios2-elf/lib\libc.a(lib_a-writer.o)
 .data          0x00045d40        0x0 c:/altera/10.1/nios2eds/bin/gnu/h-i686-mingw32/bin/../lib/gcc/nios2-elf/4.1.2/../../../../nios2-elf/lib\libc.a(lib_a-closer.o)
 .data          0x00045d40        0x0 c:/altera/10.1/nios2eds/bin/gnu/h-i686-mingw32/bin/../lib/gcc/nios2-elf/4.1.2/../../../../nios2-elf/lib\libc.a(lib_a-fclose.o)
 .data          0x00045d40        0x0 c:/altera/10.1/nios2eds/bin/gnu/h-i686-mingw32/bin/../lib/gcc/nios2-elf/4.1.2/../../../../nios2-elf/lib\libc.a(lib_a-fstatr.o)
 .data          0x00045d40        0x0 c:/altera/10.1/nios2eds/bin/gnu/h-i686-mingw32/bin/../lib/gcc/nios2-elf/4.1.2/../../../../nios2-elf/lib\libc.a(lib_a-isattyr.o)
 .data          0x00045d40        0x0 c:/altera/10.1/nios2eds/bin/gnu/h-i686-mingw32/bin/../lib/gcc/nios2-elf/4.1.2/../../../../nios2-elf/lib\libc.a(lib_a-lseekr.o)
 .data          0x00045d40        0x0 c:/altera/10.1/nios2eds/bin/gnu/h-i686-mingw32/bin/../lib/gcc/nios2-elf/4.1.2/../../../../nios2-elf/lib\libc.a(lib_a-readr.o)
 .data          0x00045d40        0x0 ../hello_world_bsp\libhal_bsp.a(alt_close.o)
 .data          0x00045d40      0x1a8 ../hello_world_bsp\libhal_bsp.a(alt_dev.o)
                0x00045d40                alt_dev_null
                0x00045d68                alt_fd_list
 .data          0x00045ee8        0x0 ../hello_world_bsp\libhal_bsp.a(alt_errno.o)
 .data          0x00045ee8        0x0 ../hello_world_bsp\libhal_bsp.a(alt_fstat.o)
 .data          0x00045ee8        0x0 ../hello_world_bsp\libhal_bsp.a(alt_isatty.o)
 .data          0x00045ee8        0x0 ../hello_world_bsp\libhal_bsp.a(alt_load.o)
 .data          0x00045ee8        0x0 ../hello_world_bsp\libhal_bsp.a(alt_lseek.o)
 .data          0x00045ee8        0x0 ../hello_world_bsp\libhal_bsp.a(alt_main.o)
 .data          0x00045ee8        0x0 ../hello_world_bsp\libhal_bsp.a(alt_malloc_lock.o)
 .data          0x00045ee8        0x0 ../hello_world_bsp\libhal_bsp.a(alt_read.o)
 .data          0x00045ee8        0x0 ../hello_world_bsp\libhal_bsp.a(alt_release_fd.o)
 .data          0x00045ee8        0x0 ../hello_world_bsp\libhal_bsp.a(alt_sbrk.o)
 .data          0x00045ee8        0x0 ../hello_world_bsp\libhal_bsp.a(alt_write.o)
 .data          0x00045ee8     0x1060 ../hello_world_bsp\libhal_bsp.a(alt_sys_init.o)
 .data          0x00046f48        0x0 ../hello_world_bsp\libhal_bsp.a(altera_avalon_jtag_uart_fd.o)
 .data          0x00046f48        0x0 ../hello_world_bsp\libhal_bsp.a(altera_avalon_jtag_uart_init.o)
 .data          0x00046f48        0x0 ../hello_world_bsp\libhal_bsp.a(altera_avalon_jtag_uart_ioctl.o)
 .data          0x00046f48        0x0 ../hello_world_bsp\libhal_bsp.a(altera_avalon_jtag_uart_read.o)
 .data          0x00046f48        0x0 ../hello_world_bsp\libhal_bsp.a(altera_avalon_jtag_uart_write.o)
 .data          0x00046f48        0x0 ../hello_world_bsp\libhal_bsp.a(alt_alarm_start.o)
 .data          0x00046f48        0x0 ../hello_world_bsp\libhal_bsp.a(alt_dcache_flush_all.o)
 .data          0x00046f48        0x0 ../hello_world_bsp\libhal_bsp.a(alt_dev_llist_insert.o)
 .data          0x00046f48        0x0 ../hello_world_bsp\libhal_bsp.a(alt_do_ctors.o)
 .data          0x00046f48        0x0 ../hello_world_bsp\libhal_bsp.a(alt_do_dtors.o)
 .data          0x00046f48        0x0 ../hello_world_bsp\libhal_bsp.a(alt_icache_flush_all.o)
 .data          0x00046f48        0x0 ../hello_world_bsp\libhal_bsp.a(alt_iic.o)
 .data          0x00046f48        0x0 ../hello_world_bsp\libhal_bsp.a(alt_iic_isr_register.o)
 .data          0x00046f48        0x0 ../hello_world_bsp\libhal_bsp.a(alt_io_redirect.o)
 .data          0x00046f48        0x0 ../hello_world_bsp\libhal_bsp.a(alt_irq_entry.o)
 .data          0x00046f48        0x0 ../hello_world_bsp\libhal_bsp.a(alt_irq_handler.o)
 .data          0x00046f48        0x0 ../hello_world_bsp\libhal_bsp.a(alt_irq_vars.o)
 .data          0x00046f48        0x0 ../hello_world_bsp\libhal_bsp.a(alt_open.o)
 .data          0x00046f48        0x0 ../hello_world_bsp\libhal_bsp.a(alt_tick.o)
 .data          0x00046f48        0x0 ../hello_world_bsp\libhal_bsp.a(altera_nios2_qsys_irq.o)
 .data          0x00046f48        0x0 ../hello_world_bsp\libhal_bsp.a(alt_exception_entry.o)
 .data          0x00046f48        0x0 ../hello_world_bsp\libhal_bsp.a(alt_find_dev.o)
 .data          0x00046f48        0x0 ../hello_world_bsp\libhal_bsp.a(alt_find_file.o)
 .data          0x00046f48        0x0 ../hello_world_bsp\libhal_bsp.a(alt_get_fd.o)
 .data          0x00046f48        0x0 ../hello_world_bsp\libhal_bsp.a(alt_icache_flush.o)
 .data          0x00046f48        0x0 c:/altera/10.1/nios2eds/bin/gnu/h-i686-mingw32/bin/../lib/gcc/nios2-elf/4.1.2/../../../../nios2-elf/lib\libc.a(lib_a-atexit.o)
 .data          0x00046f48        0x0 c:/altera/10.1/nios2eds/bin/gnu/h-i686-mingw32/bin/../lib/gcc/nios2-elf/4.1.2/../../../../nios2-elf/lib\libc.a(lib_a-exit.o)
 .data          0x00046f48        0x0 c:/altera/10.1/nios2eds/bin/gnu/h-i686-mingw32/bin/../lib/gcc/nios2-elf/4.1.2/../../../../nios2-elf/lib\libc.a(lib_a-memcmp.o)
 .data          0x00046f48        0x0 c:/altera/10.1/nios2eds/bin/gnu/h-i686-mingw32/bin/../lib/gcc/nios2-elf/4.1.2/../../../../nios2-elf/lib\libc.a(lib_a-__atexit.o)
 .data          0x00046f48        0x0 c:/altera/10.1/nios2eds/bin/gnu/h-i686-mingw32/bin/../lib/gcc/nios2-elf/4.1.2/../../../../nios2-elf/lib\libc.a(lib_a-__call_atexit.o)
 .data          0x00046f48        0x0 ../hello_world_bsp\libhal_bsp.a(alt_exit.o)
                0x0004ef48                _gp = ABSOLUTE ((. + 0x8000))
                0x0004ef48                PROVIDE (gp, _gp)
 *(.sdata .sdata.* .gnu.linkonce.s.*)
 .sdata         0x00046f48        0x8 c:/altera/10.1/nios2eds/bin/gnu/h-i686-mingw32/bin/../lib/gcc/nios2-elf/4.1.2/../../../../nios2-elf/lib\libc.a(lib_a-impure.o)
                0x00046f48                _impure_ptr
                0x00046f4c                _global_impure_ptr
 .sdata         0x00046f50        0x8 c:/altera/10.1/nios2eds/bin/gnu/h-i686-mingw32/bin/../lib/gcc/nios2-elf/4.1.2/../../../../nios2-elf/lib\libc.a(lib_a-mallocr.o)
                0x00046f50                __malloc_trim_threshold
                0x00046f54                __malloc_sbrk_base
 .sdata         0x00046f58       0x14 ../hello_world_bsp\libhal_bsp.a(alt_dev.o)
                0x00046f58                alt_fs_list
                0x00046f60                alt_dev_list
                0x00046f68                alt_max_fd
 .sdata         0x00046f6c        0x4 ../hello_world_bsp\libhal_bsp.a(alt_errno.o)
                0x00046f6c                alt_errno
 .sdata         0x00046f70        0x4 ../hello_world_bsp\libhal_bsp.a(alt_sbrk.o)
 .sdata         0x00046f74        0x4 ../hello_world_bsp\libhal_bsp.a(alt_irq_vars.o)
                0x00046f74                alt_priority_mask
 .sdata         0x00046f78        0x8 ../hello_world_bsp\libhal_bsp.a(alt_tick.o)
                0x00046f78                alt_alarm_list
 *(.sdata2 .sdata2.* .gnu.linkonce.s2.*)
                0x00046f80                . = ALIGN (0x4)
                0x00046f80                _edata = ABSOLUTE (.)
                0x00046f80                PROVIDE (edata, ABSOLUTE (.))
                0x00046f80                PROVIDE (__ram_rwdata_end, ABSOLUTE (.))
                0x00046f80                PROVIDE (__flash_rwdata_start, LOADADDR (.rwdata))

.bss            0x000489c8      0x2e0
                0x000489c8                __bss_start = ABSOLUTE (.)
                0x000489c8                PROVIDE (__sbss_start, ABSOLUTE (.))
                0x000489c8                PROVIDE (___sbss_start, ABSOLUTE (.))
 *(.dynsbss)
 *(.sbss .sbss.* .gnu.linkonce.sb.*)
 .sbss          0x000489c8        0xc c:/altera/10.1/nios2eds/bin/gnu/h-i686-mingw32/bin/../lib/gcc/nios2-elf/4.1.2/../../../../nios2-elf/lib\libc.a(lib_a-mallocr.o)
                0x000489c8                __malloc_top_pad
                0x000489cc                __malloc_max_sbrked_mem
                0x000489d0                __malloc_max_total_mem
 .sbss          0x000489d4        0x4 c:/altera/10.1/nios2eds/bin/gnu/h-i686-mingw32/bin/../lib/gcc/nios2-elf/4.1.2/../../../../nios2-elf/lib\libc.a(lib_a-int_errno.o)
                0x000489d4                errno
 .sbss          0x000489d8        0xc ../hello_world_bsp\libhal_bsp.a(alt_main.o)
                0x000489d8                alt_argc
                0x000489dc                alt_argv
                0x000489e0                alt_envp
 .sbss          0x000489e4        0x4 ../hello_world_bsp\libhal_bsp.a(alt_irq_vars.o)
                0x000489e4                alt_irq_active
 .sbss          0x000489e8        0x8 ../hello_world_bsp\libhal_bsp.a(alt_tick.o)
                0x000489e8                _alt_tick_rate
                0x000489ec                _alt_nticks
 *(.sbss2 .sbss2.* .gnu.linkonce.sb2.*)
 *(.scommon)
                0x000489f0                PROVIDE (__sbss_end, ABSOLUTE (.))
                0x000489f0                PROVIDE (___sbss_end, ABSOLUTE (.))
 *(.dynbss)
 *(.bss .bss.* .gnu.linkonce.b.*)
 .bss           0x000489f0        0x0 ../hello_world_bsp/obj/HAL/src/crt0.o
 .bss           0x000489f0        0x0 obj/hello_world.o
 .bss           0x000489f0        0x0 c:/altera/10.1/nios2eds/bin/gnu/h-i686-mingw32/bin/../lib/gcc/nios2-elf/4.1.2/../../../../nios2-elf/lib\libc.a(lib_a-puts.o)
 .bss           0x000489f0        0x0 c:/altera/10.1/nios2eds/bin/gnu/h-i686-mingw32/bin/../lib/gcc/nios2-elf/4.1.2/../../../../nios2-elf/lib\libc.a(lib_a-strlen.o)
 .bss           0x000489f0        0x0 c:/altera/10.1/nios2eds/bin/gnu/h-i686-mingw32/bin/../lib/gcc/nios2-elf/4.1.2/../../../../nios2-elf/lib\libc.a(lib_a-fvwrite.o)
 .bss           0x000489f0        0x0 c:/altera/10.1/nios2eds/bin/gnu/h-i686-mingw32/bin/../lib/gcc/nios2-elf/4.1.2/../../../../nios2-elf/lib\libc.a(lib_a-impure.o)
 .bss           0x000489f0       0x28 c:/altera/10.1/nios2eds/bin/gnu/h-i686-mingw32/bin/../lib/gcc/nios2-elf/4.1.2/../../../../nios2-elf/lib\libc.a(lib_a-mallocr.o)
                0x000489f0                __malloc_current_mallinfo
 .bss           0x00048a18        0x0 c:/altera/10.1/nios2eds/bin/gnu/h-i686-mingw32/bin/../lib/gcc/nios2-elf/4.1.2/../../../../nios2-elf/lib\libc.a(lib_a-memchr.o)
 .bss           0x00048a18        0x0 c:/altera/10.1/nios2eds/bin/gnu/h-i686-mingw32/bin/../lib/gcc/nios2-elf/4.1.2/../../../../nios2-elf/lib\libc.a(lib_a-memcpy.o)
 .bss           0x00048a18        0x0 c:/altera/10.1/nios2eds/bin/gnu/h-i686-mingw32/bin/../lib/gcc/nios2-elf/4.1.2/../../../../nios2-elf/lib\libc.a(lib_a-memmove.o)
 .bss           0x00048a18        0x0 c:/altera/10.1/nios2eds/bin/gnu/h-i686-mingw32/bin/../lib/gcc/nios2-elf/4.1.2/../../../../nios2-elf/lib\libc.a(lib_a-reallocr.o)
 .bss           0x00048a18        0x0 c:/altera/10.1/nios2eds/bin/gnu/h-i686-mingw32/bin/../lib/gcc/nios2-elf/4.1.2/../../../../nios2-elf/lib\libc.a(lib_a-sbrkr.o)
 .bss           0x00048a18        0x0 c:/altera/10.1/nios2eds/bin/gnu/h-i686-mingw32/bin/../lib/gcc/nios2-elf/4.1.2/../../../../nios2-elf/lib\libc.a(lib_a-wsetup.o)
 .bss           0x00048a18        0x0 c:/altera/10.1/nios2eds/bin/gnu/h-i686-mingw32/bin/../lib/gcc/nios2-elf/4.1.2/../../../../nios2-elf/lib\libc.a(lib_a-fflush.o)
 .bss           0x00048a18        0x0 c:/altera/10.1/nios2eds/bin/gnu/h-i686-mingw32/bin/../lib/gcc/nios2-elf/4.1.2/../../../../nios2-elf/lib\libc.a(lib_a-findfp.o)
 .bss           0x00048a18        0x0 c:/altera/10.1/nios2eds/bin/gnu/h-i686-mingw32/bin/../lib/gcc/nios2-elf/4.1.2/../../../../nios2-elf/lib\libc.a(lib_a-freer.o)
 .bss           0x00048a18        0x0 c:/altera/10.1/nios2eds/bin/gnu/h-i686-mingw32/bin/../lib/gcc/nios2-elf/4.1.2/../../../../nios2-elf/lib\libc.a(lib_a-fwalk.o)
 .bss           0x00048a18        0x0 c:/altera/10.1/nios2eds/bin/gnu/h-i686-mingw32/bin/../lib/gcc/nios2-elf/4.1.2/../../../../nios2-elf/lib\libc.a(lib_a-int_errno.o)
 .bss           0x00048a18        0x0 c:/altera/10.1/nios2eds/bin/gnu/h-i686-mingw32/bin/../lib/gcc/nios2-elf/4.1.2/../../../../nios2-elf/lib\libc.a(lib_a-makebuf.o)
 .bss           0x00048a18        0x0 c:/altera/10.1/nios2eds/bin/gnu/h-i686-mingw32/bin/../lib/gcc/nios2-elf/4.1.2/../../../../nios2-elf/lib\libc.a(lib_a-memset.o)
 .bss           0x00048a18        0x0 c:/altera/10.1/nios2eds/bin/gnu/h-i686-mingw32/bin/../lib/gcc/nios2-elf/4.1.2/../../../../nios2-elf/lib\libc.a(lib_a-stdio.o)
 .bss           0x00048a18        0x0 c:/altera/10.1/nios2eds/bin/gnu/h-i686-mingw32/bin/../lib/gcc/nios2-elf/4.1.2/../../../../nios2-elf/lib\libc.a(lib_a-writer.o)
 .bss           0x00048a18        0x0 c:/altera/10.1/nios2eds/bin/gnu/h-i686-mingw32/bin/../lib/gcc/nios2-elf/4.1.2/../../../../nios2-elf/lib\libc.a(lib_a-closer.o)
 .bss           0x00048a18        0x0 c:/altera/10.1/nios2eds/bin/gnu/h-i686-mingw32/bin/../lib/gcc/nios2-elf/4.1.2/../../../../nios2-elf/lib\libc.a(lib_a-fclose.o)
 .bss           0x00048a18        0x0 c:/altera/10.1/nios2eds/bin/gnu/h-i686-mingw32/bin/../lib/gcc/nios2-elf/4.1.2/../../../../nios2-elf/lib\libc.a(lib_a-fstatr.o)
 .bss           0x00048a18        0x0 c:/altera/10.1/nios2eds/bin/gnu/h-i686-mingw32/bin/../lib/gcc/nios2-elf/4.1.2/../../../../nios2-elf/lib\libc.a(lib_a-isattyr.o)
 .bss           0x00048a18        0x0 c:/altera/10.1/nios2eds/bin/gnu/h-i686-mingw32/bin/../lib/gcc/nios2-elf/4.1.2/../../../../nios2-elf/lib\libc.a(lib_a-lseekr.o)
 .bss           0x00048a18        0x0 c:/altera/10.1/nios2eds/bin/gnu/h-i686-mingw32/bin/../lib/gcc/nios2-elf/4.1.2/../../../../nios2-elf/lib\libc.a(lib_a-readr.o)
 .bss           0x00048a18        0x0 ../hello_world_bsp\libhal_bsp.a(alt_close.o)
 .bss           0x00048a18        0x0 ../hello_world_bsp\libhal_bsp.a(alt_dev.o)
 .bss           0x00048a18        0x0 ../hello_world_bsp\libhal_bsp.a(alt_errno.o)
 .bss           0x00048a18        0x0 ../hello_world_bsp\libhal_bsp.a(alt_fstat.o)
 .bss           0x00048a18        0x0 ../hello_world_bsp\libhal_bsp.a(alt_isatty.o)
 .bss           0x00048a18        0x0 ../hello_world_bsp\libhal_bsp.a(alt_load.o)
 .bss           0x00048a18        0x0 ../hello_world_bsp\libhal_bsp.a(alt_lseek.o)
 .bss           0x00048a18        0x0 ../hello_world_bsp\libhal_bsp.a(alt_main.o)
 .bss           0x00048a18        0x0 ../hello_world_bsp\libhal_bsp.a(alt_malloc_lock.o)
 .bss           0x00048a18        0x0 ../hello_world_bsp\libhal_bsp.a(alt_read.o)
 .bss           0x00048a18        0x0 ../hello_world_bsp\libhal_bsp.a(alt_release_fd.o)
 .bss           0x00048a18        0x0 ../hello_world_bsp\libhal_bsp.a(alt_sbrk.o)
 .bss           0x00048a18        0x0 ../hello_world_bsp\libhal_bsp.a(alt_write.o)
 .bss           0x00048a18        0x0 ../hello_world_bsp\libhal_bsp.a(alt_sys_init.o)
 .bss           0x00048a18        0x0 ../hello_world_bsp\libhal_bsp.a(altera_avalon_jtag_uart_fd.o)
 .bss           0x00048a18        0x0 ../hello_world_bsp\libhal_bsp.a(altera_avalon_jtag_uart_init.o)
 .bss           0x00048a18        0x0 ../hello_world_bsp\libhal_bsp.a(altera_avalon_jtag_uart_ioctl.o)
 .bss           0x00048a18        0x0 ../hello_world_bsp\libhal_bsp.a(altera_avalon_jtag_uart_read.o)
 .bss           0x00048a18        0x0 ../hello_world_bsp\libhal_bsp.a(altera_avalon_jtag_uart_write.o)
 .bss           0x00048a18        0x0 ../hello_world_bsp\libhal_bsp.a(alt_alarm_start.o)
 .bss           0x00048a18        0x0 ../hello_world_bsp\libhal_bsp.a(alt_dcache_flush_all.o)
 .bss           0x00048a18        0x0 ../hello_world_bsp\libhal_bsp.a(alt_dev_llist_insert.o)
 .bss           0x00048a18        0x0 ../hello_world_bsp\libhal_bsp.a(alt_do_ctors.o)
 .bss           0x00048a18        0x0 ../hello_world_bsp\libhal_bsp.a(alt_do_dtors.o)
 .bss           0x00048a18        0x0 ../hello_world_bsp\libhal_bsp.a(alt_icache_flush_all.o)
 .bss           0x00048a18        0x0 ../hello_world_bsp\libhal_bsp.a(alt_iic.o)
 .bss           0x00048a18        0x0 ../hello_world_bsp\libhal_bsp.a(alt_iic_isr_register.o)
 .bss           0x00048a18        0x0 ../hello_world_bsp\libhal_bsp.a(alt_io_redirect.o)
 .bss           0x00048a18        0x0 ../hello_world_bsp\libhal_bsp.a(alt_irq_entry.o)
 .bss           0x00048a18        0x0 ../hello_world_bsp\libhal_bsp.a(alt_irq_handler.o)
 .bss           0x00048a18        0x0 ../hello_world_bsp\libhal_bsp.a(alt_irq_vars.o)
 .bss           0x00048a18        0x0 ../hello_world_bsp\libhal_bsp.a(alt_open.o)
 .bss           0x00048a18        0x0 ../hello_world_bsp\libhal_bsp.a(alt_tick.o)
 .bss           0x00048a18        0x0 ../hello_world_bsp\libhal_bsp.a(altera_nios2_qsys_irq.o)
 .bss           0x00048a18        0x0 ../hello_world_bsp\libhal_bsp.a(alt_exception_entry.o)
 .bss           0x00048a18        0x0 ../hello_world_bsp\libhal_bsp.a(alt_find_dev.o)
 .bss           0x00048a18        0x0 ../hello_world_bsp\libhal_bsp.a(alt_find_file.o)
 .bss           0x00048a18        0x0 ../hello_world_bsp\libhal_bsp.a(alt_get_fd.o)
 .bss           0x00048a18        0x0 ../hello_world_bsp\libhal_bsp.a(alt_icache_flush.o)
 .bss           0x00048a18        0x0 c:/altera/10.1/nios2eds/bin/gnu/h-i686-mingw32/bin/../lib/gcc/nios2-elf/4.1.2/../../../../nios2-elf/lib\libc.a(lib_a-atexit.o)
 .bss           0x00048a18        0x0 c:/altera/10.1/nios2eds/bin/gnu/h-i686-mingw32/bin/../lib/gcc/nios2-elf/4.1.2/../../../../nios2-elf/lib\libc.a(lib_a-exit.o)
 .bss           0x00048a18        0x0 c:/altera/10.1/nios2eds/bin/gnu/h-i686-mingw32/bin/../lib/gcc/nios2-elf/4.1.2/../../../../nios2-elf/lib\libc.a(lib_a-memcmp.o)
 .bss           0x00048a18        0x0 c:/altera/10.1/nios2eds/bin/gnu/h-i686-mingw32/bin/../lib/gcc/nios2-elf/4.1.2/../../../../nios2-elf/lib\libc.a(lib_a-__atexit.o)
 .bss           0x00048a18        0x0 c:/altera/10.1/nios2eds/bin/gnu/h-i686-mingw32/bin/../lib/gcc/nios2-elf/4.1.2/../../../../nios2-elf/lib\libc.a(lib_a-__call_atexit.o)
 .bss           0x00048a18        0x0 ../hello_world_bsp\libhal_bsp.a(alt_exit.o)
 *(COMMON)
 COMMON         0x00048a18      0x100 ../hello_world_bsp\libhal_bsp.a(alt_irq_handler.o)
                0x00048a18                alt_irq
 COMMON         0x00048b18      0x190 c:/altera/10.1/nios2eds/bin/gnu/h-i686-mingw32/bin/../lib/gcc/nios2-elf/4.1.2/../../../../nios2-elf/lib\libc.a(lib_a-atexit.o)
                0x00048b18                _atexit0
                0x00048ca8                . = ALIGN (0x4)
                0x00048ca8                __bss_end = ABSOLUTE (.)

.onchip_mem     0x00048ca8        0x0
                0x00048ca8                PROVIDE (_alt_partition_onchip_mem_start, ABSOLUTE (.))
 *(.onchip_mem. onchip_mem.*)
                0x00048ca8                . = ALIGN (0x4)
                0x00048ca8                PROVIDE (_alt_partition_onchip_mem_end, ABSOLUTE (.))
                0x00048ca8                _end = ABSOLUTE (.)
                0x00048ca8                end = ABSOLUTE (.)
                0x00048ca8                __alt_stack_base = ABSOLUTE (.)
                0x00048ca8                PROVIDE (_alt_partition_onchip_mem_load_addr, LOADADDR (.onchip_mem))

.stab
 *(.stab)

.stabstr
 *(.stabstr)

.stab.excl
 *(.stab.excl)

.stab.exclstr
 *(.stab.exclstr)

.stab.index
 *(.stab.index)

.stab.indexstr
 *(.stab.indexstr)

.comment        0x00000000       0x23
 *(.comment)
 .comment       0x00000000       0x23 obj/hello_world.o
                                 0x24 (size before relaxing)
 .comment       0x00000000       0x24 c:/altera/10.1/nios2eds/bin/gnu/h-i686-mingw32/bin/../lib/gcc/nios2-elf/4.1.2/../../../../nios2-elf/lib\libc.a(lib_a-puts.o)
 .comment       0x00000000       0x24 c:/altera/10.1/nios2eds/bin/gnu/h-i686-mingw32/bin/../lib/gcc/nios2-elf/4.1.2/../../../../nios2-elf/lib\libc.a(lib_a-strlen.o)
 .comment       0x00000000       0x24 c:/altera/10.1/nios2eds/bin/gnu/h-i686-mingw32/bin/../lib/gcc/nios2-elf/4.1.2/../../../../nios2-elf/lib\libc.a(lib_a-fvwrite.o)
 .comment       0x00000000       0x24 c:/altera/10.1/nios2eds/bin/gnu/h-i686-mingw32/bin/../lib/gcc/nios2-elf/4.1.2/../../../../nios2-elf/lib\libc.a(lib_a-impure.o)
 .comment       0x00000000       0x24 c:/altera/10.1/nios2eds/bin/gnu/h-i686-mingw32/bin/../lib/gcc/nios2-elf/4.1.2/../../../../nios2-elf/lib\libc.a(lib_a-mallocr.o)
 .comment       0x00000000       0x24 c:/altera/10.1/nios2eds/bin/gnu/h-i686-mingw32/bin/../lib/gcc/nios2-elf/4.1.2/../../../../nios2-elf/lib\libc.a(lib_a-memchr.o)
 .comment       0x00000000       0x24 c:/altera/10.1/nios2eds/bin/gnu/h-i686-mingw32/bin/../lib/gcc/nios2-elf/4.1.2/../../../../nios2-elf/lib\libc.a(lib_a-memcpy.o)
 .comment       0x00000000       0x24 c:/altera/10.1/nios2eds/bin/gnu/h-i686-mingw32/bin/../lib/gcc/nios2-elf/4.1.2/../../../../nios2-elf/lib\libc.a(lib_a-memmove.o)
 .comment       0x00000000       0x24 c:/altera/10.1/nios2eds/bin/gnu/h-i686-mingw32/bin/../lib/gcc/nios2-elf/4.1.2/../../../../nios2-elf/lib\libc.a(lib_a-reallocr.o)
 .comment       0x00000000       0x24 c:/altera/10.1/nios2eds/bin/gnu/h-i686-mingw32/bin/../lib/gcc/nios2-elf/4.1.2/../../../../nios2-elf/lib\libc.a(lib_a-sbrkr.o)
 .comment       0x00000000       0x24 c:/altera/10.1/nios2eds/bin/gnu/h-i686-mingw32/bin/../lib/gcc/nios2-elf/4.1.2/../../../../nios2-elf/lib\libc.a(lib_a-wsetup.o)
 .comment       0x00000000       0x24 c:/altera/10.1/nios2eds/bin/gnu/h-i686-mingw32/bin/../lib/gcc/nios2-elf/4.1.2/../../../../nios2-elf/lib\libc.a(lib_a-fflush.o)
 .comment       0x00000000       0x24 c:/altera/10.1/nios2eds/bin/gnu/h-i686-mingw32/bin/../lib/gcc/nios2-elf/4.1.2/../../../../nios2-elf/lib\libc.a(lib_a-findfp.o)
 .comment       0x00000000       0x24 c:/altera/10.1/nios2eds/bin/gnu/h-i686-mingw32/bin/../lib/gcc/nios2-elf/4.1.2/../../../../nios2-elf/lib\libc.a(lib_a-freer.o)
 .comment       0x00000000       0x24 c:/altera/10.1/nios2eds/bin/gnu/h-i686-mingw32/bin/../lib/gcc/nios2-elf/4.1.2/../../../../nios2-elf/lib\libc.a(lib_a-fwalk.o)
 .comment       0x00000000       0x24 c:/altera/10.1/nios2eds/bin/gnu/h-i686-mingw32/bin/../lib/gcc/nios2-elf/4.1.2/../../../../nios2-elf/lib\libc.a(lib_a-int_errno.o)
 .comment       0x00000000       0x24 c:/altera/10.1/nios2eds/bin/gnu/h-i686-mingw32/bin/../lib/gcc/nios2-elf/4.1.2/../../../../nios2-elf/lib\libc.a(lib_a-makebuf.o)
 .comment       0x00000000       0x24 c:/altera/10.1/nios2eds/bin/gnu/h-i686-mingw32/bin/../lib/gcc/nios2-elf/4.1.2/../../../../nios2-elf/lib\libc.a(lib_a-memset.o)
 .comment       0x00000000       0x24 c:/altera/10.1/nios2eds/bin/gnu/h-i686-mingw32/bin/../lib/gcc/nios2-elf/4.1.2/../../../../nios2-elf/lib\libc.a(lib_a-stdio.o)
 .comment       0x00000000       0x24 c:/altera/10.1/nios2eds/bin/gnu/h-i686-mingw32/bin/../lib/gcc/nios2-elf/4.1.2/../../../../nios2-elf/lib\libc.a(lib_a-writer.o)
 .comment       0x00000000       0x24 c:/altera/10.1/nios2eds/bin/gnu/h-i686-mingw32/bin/../lib/gcc/nios2-elf/4.1.2/../../../../nios2-elf/lib\libc.a(lib_a-closer.o)
 .comment       0x00000000       0x24 c:/altera/10.1/nios2eds/bin/gnu/h-i686-mingw32/bin/../lib/gcc/nios2-elf/4.1.2/../../../../nios2-elf/lib\libc.a(lib_a-fclose.o)
 .comment       0x00000000       0x24 c:/altera/10.1/nios2eds/bin/gnu/h-i686-mingw32/bin/../lib/gcc/nios2-elf/4.1.2/../../../../nios2-elf/lib\libc.a(lib_a-fstatr.o)
 .comment       0x00000000       0x24 c:/altera/10.1/nios2eds/bin/gnu/h-i686-mingw32/bin/../lib/gcc/nios2-elf/4.1.2/../../../../nios2-elf/lib\libc.a(lib_a-isattyr.o)
 .comment       0x00000000       0x24 c:/altera/10.1/nios2eds/bin/gnu/h-i686-mingw32/bin/../lib/gcc/nios2-elf/4.1.2/../../../../nios2-elf/lib\libc.a(lib_a-lseekr.o)
 .comment       0x00000000       0x24 c:/altera/10.1/nios2eds/bin/gnu/h-i686-mingw32/bin/../lib/gcc/nios2-elf/4.1.2/../../../../nios2-elf/lib\libc.a(lib_a-readr.o)
 .comment       0x00000000       0x24 ../hello_world_bsp\libhal_bsp.a(alt_close.o)
 .comment       0x00000000       0x24 ../hello_world_bsp\libhal_bsp.a(alt_dev.o)
 .comment       0x00000000       0x24 ../hello_world_bsp\libhal_bsp.a(alt_errno.o)
 .comment       0x00000000       0x24 ../hello_world_bsp\libhal_bsp.a(alt_fstat.o)
 .comment       0x00000000       0x24 ../hello_world_bsp\libhal_bsp.a(alt_isatty.o)
 .comment       0x00000000       0x24 ../hello_world_bsp\libhal_bsp.a(alt_load.o)
 .comment       0x00000000       0x24 ../hello_world_bsp\libhal_bsp.a(alt_lseek.o)
 .comment       0x00000000       0x24 ../hello_world_bsp\libhal_bsp.a(alt_main.o)
 .comment       0x00000000       0x24 ../hello_world_bsp\libhal_bsp.a(alt_malloc_lock.o)
 .comment       0x00000000       0x24 ../hello_world_bsp\libhal_bsp.a(alt_read.o)
 .comment       0x00000000       0x24 ../hello_world_bsp\libhal_bsp.a(alt_release_fd.o)
 .comment       0x00000000       0x24 ../hello_world_bsp\libhal_bsp.a(alt_sbrk.o)
 .comment       0x00000000       0x24 ../hello_world_bsp\libhal_bsp.a(alt_write.o)
 .comment       0x00000000       0x24 ../hello_world_bsp\libhal_bsp.a(alt_sys_init.o)
 .comment       0x00000000       0x24 ../hello_world_bsp\libhal_bsp.a(altera_avalon_jtag_uart_fd.o)
 .comment       0x00000000       0x24 ../hello_world_bsp\libhal_bsp.a(altera_avalon_jtag_uart_init.o)
 .comment       0x00000000       0x24 ../hello_world_bsp\libhal_bsp.a(altera_avalon_jtag_uart_ioctl.o)
 .comment       0x00000000       0x24 ../hello_world_bsp\libhal_bsp.a(altera_avalon_jtag_uart_read.o)
 .comment       0x00000000       0x24 ../hello_world_bsp\libhal_bsp.a(altera_avalon_jtag_uart_write.o)
 .comment       0x00000000       0x24 ../hello_world_bsp\libhal_bsp.a(alt_alarm_start.o)
 .comment       0x00000000       0x24 ../hello_world_bsp\libhal_bsp.a(alt_dcache_flush_all.o)
 .comment       0x00000000       0x24 ../hello_world_bsp\libhal_bsp.a(alt_dev_llist_insert.o)
 .comment       0x00000000       0x24 ../hello_world_bsp\libhal_bsp.a(alt_do_ctors.o)
 .comment       0x00000000       0x24 ../hello_world_bsp\libhal_bsp.a(alt_do_dtors.o)
 .comment       0x00000000       0x24 ../hello_world_bsp\libhal_bsp.a(alt_icache_flush_all.o)
 .comment       0x00000000       0x24 ../hello_world_bsp\libhal_bsp.a(alt_iic.o)
 .comment       0x00000000       0x24 ../hello_world_bsp\libhal_bsp.a(alt_iic_isr_register.o)
 .comment       0x00000000       0x24 ../hello_world_bsp\libhal_bsp.a(alt_io_redirect.o)
 .comment       0x00000000       0x24 ../hello_world_bsp\libhal_bsp.a(alt_irq_handler.o)
 .comment       0x00000000       0x24 ../hello_world_bsp\libhal_bsp.a(alt_irq_vars.o)
 .comment       0x00000000       0x24 ../hello_world_bsp\libhal_bsp.a(alt_open.o)
 .comment       0x00000000       0x24 ../hello_world_bsp\libhal_bsp.a(alt_tick.o)
 .comment       0x00000000       0x24 ../hello_world_bsp\libhal_bsp.a(altera_nios2_qsys_irq.o)
 .comment       0x00000000       0x24 ../hello_world_bsp\libhal_bsp.a(alt_find_dev.o)
 .comment       0x00000000       0x24 ../hello_world_bsp\libhal_bsp.a(alt_find_file.o)
 .comment       0x00000000       0x24 ../hello_world_bsp\libhal_bsp.a(alt_get_fd.o)
 .comment       0x00000000       0x24 ../hello_world_bsp\libhal_bsp.a(alt_icache_flush.o)
 .comment       0x00000000       0x24 c:/altera/10.1/nios2eds/bin/gnu/h-i686-mingw32/bin/../lib/gcc/nios2-elf/4.1.2/../../../../nios2-elf/lib\libc.a(lib_a-atexit.o)
 .comment       0x00000000       0x24 c:/altera/10.1/nios2eds/bin/gnu/h-i686-mingw32/bin/../lib/gcc/nios2-elf/4.1.2/../../../../nios2-elf/lib\libc.a(lib_a-exit.o)
 .comment       0x00000000       0x24 c:/altera/10.1/nios2eds/bin/gnu/h-i686-mingw32/bin/../lib/gcc/nios2-elf/4.1.2/../../../../nios2-elf/lib\libc.a(lib_a-memcmp.o)
 .comment       0x00000000       0x24 c:/altera/10.1/nios2eds/bin/gnu/h-i686-mingw32/bin/../lib/gcc/nios2-elf/4.1.2/../../../../nios2-elf/lib\libc.a(lib_a-__atexit.o)
 .comment       0x00000000       0x24 c:/altera/10.1/nios2eds/bin/gnu/h-i686-mingw32/bin/../lib/gcc/nios2-elf/4.1.2/../../../../nios2-elf/lib\libc.a(lib_a-__call_atexit.o)
 .comment       0x00000000       0x24 ../hello_world_bsp\libhal_bsp.a(alt_exit.o)

.debug
 *(.debug)

.line
 *(.line)

.debug_srcinfo
 *(.debug_srcinfo)

.debug_sfnames
 *(.debug_sfnames)

.debug_aranges  0x00000000      0x8d8
 *(.debug_aranges)
 .debug_aranges
                0x00000000       0x28 ../hello_world_bsp/obj/HAL/src/crt0.o
 .debug_aranges
                0x00000028       0x20 obj/hello_world.o
 .debug_aranges
                0x00000048       0x20 c:/altera/10.1/nios2eds/bin/gnu/h-i686-mingw32/bin/../lib/gcc/nios2-elf/4.1.2/../../../../nios2-elf/lib\libc.a(lib_a-puts.o)
 .debug_aranges
                0x00000068       0x20 c:/altera/10.1/nios2eds/bin/gnu/h-i686-mingw32/bin/../lib/gcc/nios2-elf/4.1.2/../../../../nios2-elf/lib\libc.a(lib_a-strlen.o)
 .debug_aranges
                0x00000088       0x20 c:/altera/10.1/nios2eds/bin/gnu/h-i686-mingw32/bin/../lib/gcc/nios2-elf/4.1.2/../../../../nios2-elf/lib\libc.a(lib_a-fvwrite.o)
 .debug_aranges
                0x000000a8       0x20 c:/altera/10.1/nios2eds/bin/gnu/h-i686-mingw32/bin/../lib/gcc/nios2-elf/4.1.2/../../../../nios2-elf/lib\libc.a(lib_a-mallocr.o)
 .debug_aranges
                0x000000c8       0x20 c:/altera/10.1/nios2eds/bin/gnu/h-i686-mingw32/bin/../lib/gcc/nios2-elf/4.1.2/../../../../nios2-elf/lib\libc.a(lib_a-memchr.o)
 .debug_aranges
                0x000000e8       0x20 c:/altera/10.1/nios2eds/bin/gnu/h-i686-mingw32/bin/../lib/gcc/nios2-elf/4.1.2/../../../../nios2-elf/lib\libc.a(lib_a-memcpy.o)
 .debug_aranges
                0x00000108       0x20 c:/altera/10.1/nios2eds/bin/gnu/h-i686-mingw32/bin/../lib/gcc/nios2-elf/4.1.2/../../../../nios2-elf/lib\libc.a(lib_a-memmove.o)
 .debug_aranges
                0x00000128       0x20 c:/altera/10.1/nios2eds/bin/gnu/h-i686-mingw32/bin/../lib/gcc/nios2-elf/4.1.2/../../../../nios2-elf/lib\libc.a(lib_a-reallocr.o)
 .debug_aranges
                0x00000148       0x20 c:/altera/10.1/nios2eds/bin/gnu/h-i686-mingw32/bin/../lib/gcc/nios2-elf/4.1.2/../../../../nios2-elf/lib\libc.a(lib_a-sbrkr.o)
 .debug_aranges
                0x00000168       0x20 c:/altera/10.1/nios2eds/bin/gnu/h-i686-mingw32/bin/../lib/gcc/nios2-elf/4.1.2/../../../../nios2-elf/lib\libc.a(lib_a-wsetup.o)
 .debug_aranges
                0x00000188       0x20 c:/altera/10.1/nios2eds/bin/gnu/h-i686-mingw32/bin/../lib/gcc/nios2-elf/4.1.2/../../../../nios2-elf/lib\libc.a(lib_a-fflush.o)
 .debug_aranges
                0x000001a8       0x20 c:/altera/10.1/nios2eds/bin/gnu/h-i686-mingw32/bin/../lib/gcc/nios2-elf/4.1.2/../../../../nios2-elf/lib\libc.a(lib_a-findfp.o)
 .debug_aranges
                0x000001c8       0x20 c:/altera/10.1/nios2eds/bin/gnu/h-i686-mingw32/bin/../lib/gcc/nios2-elf/4.1.2/../../../../nios2-elf/lib\libc.a(lib_a-freer.o)
 .debug_aranges
                0x000001e8       0x20 c:/altera/10.1/nios2eds/bin/gnu/h-i686-mingw32/bin/../lib/gcc/nios2-elf/4.1.2/../../../../nios2-elf/lib\libc.a(lib_a-fwalk.o)
 .debug_aranges
                0x00000208       0x20 c:/altera/10.1/nios2eds/bin/gnu/h-i686-mingw32/bin/../lib/gcc/nios2-elf/4.1.2/../../../../nios2-elf/lib\libc.a(lib_a-makebuf.o)
 .debug_aranges
                0x00000228       0x20 c:/altera/10.1/nios2eds/bin/gnu/h-i686-mingw32/bin/../lib/gcc/nios2-elf/4.1.2/../../../../nios2-elf/lib\libc.a(lib_a-memset.o)
 .debug_aranges
                0x00000248       0x20 c:/altera/10.1/nios2eds/bin/gnu/h-i686-mingw32/bin/../lib/gcc/nios2-elf/4.1.2/../../../../nios2-elf/lib\libc.a(lib_a-stdio.o)
 .debug_aranges
                0x00000268       0x20 c:/altera/10.1/nios2eds/bin/gnu/h-i686-mingw32/bin/../lib/gcc/nios2-elf/4.1.2/../../../../nios2-elf/lib\libc.a(lib_a-writer.o)
 .debug_aranges
                0x00000288       0x20 c:/altera/10.1/nios2eds/bin/gnu/h-i686-mingw32/bin/../lib/gcc/nios2-elf/4.1.2/../../../../nios2-elf/lib\libc.a(lib_a-closer.o)
 .debug_aranges
                0x000002a8       0x20 c:/altera/10.1/nios2eds/bin/gnu/h-i686-mingw32/bin/../lib/gcc/nios2-elf/4.1.2/../../../../nios2-elf/lib\libc.a(lib_a-fclose.o)
 .debug_aranges
                0x000002c8       0x20 c:/altera/10.1/nios2eds/bin/gnu/h-i686-mingw32/bin/../lib/gcc/nios2-elf/4.1.2/../../../../nios2-elf/lib\libc.a(lib_a-fstatr.o)
 .debug_aranges
                0x000002e8       0x20 c:/altera/10.1/nios2eds/bin/gnu/h-i686-mingw32/bin/../lib/gcc/nios2-elf/4.1.2/../../../../nios2-elf/lib\libc.a(lib_a-isattyr.o)
 .debug_aranges
                0x00000308       0x20 c:/altera/10.1/nios2eds/bin/gnu/h-i686-mingw32/bin/../lib/gcc/nios2-elf/4.1.2/../../../../nios2-elf/lib\libc.a(lib_a-lseekr.o)
 .debug_aranges
                0x00000328       0x20 c:/altera/10.1/nios2eds/bin/gnu/h-i686-mingw32/bin/../lib/gcc/nios2-elf/4.1.2/../../../../nios2-elf/lib\libc.a(lib_a-readr.o)
 .debug_aranges
                0x00000348       0x20 ../hello_world_bsp\libhal_bsp.a(alt_close.o)
 .debug_aranges
                0x00000368       0x20 ../hello_world_bsp\libhal_bsp.a(alt_dev.o)
 .debug_aranges
                0x00000388       0x20 ../hello_world_bsp\libhal_bsp.a(alt_fstat.o)
 .debug_aranges
                0x000003a8       0x20 ../hello_world_bsp\libhal_bsp.a(alt_isatty.o)
 .debug_aranges
                0x000003c8       0x20 ../hello_world_bsp\libhal_bsp.a(alt_load.o)
 .debug_aranges
                0x000003e8       0x20 ../hello_world_bsp\libhal_bsp.a(alt_lseek.o)
 .debug_aranges
                0x00000408       0x20 ../hello_world_bsp\libhal_bsp.a(alt_main.o)
 .debug_aranges
                0x00000428       0x20 ../hello_world_bsp\libhal_bsp.a(alt_malloc_lock.o)
 .debug_aranges
                0x00000448       0x20 ../hello_world_bsp\libhal_bsp.a(alt_read.o)
 .debug_aranges
                0x00000468       0x20 ../hello_world_bsp\libhal_bsp.a(alt_release_fd.o)
 .debug_aranges
                0x00000488       0x20 ../hello_world_bsp\libhal_bsp.a(alt_sbrk.o)
 .debug_aranges
                0x000004a8       0x20 ../hello_world_bsp\libhal_bsp.a(alt_write.o)
 .debug_aranges
                0x000004c8       0x20 ../hello_world_bsp\libhal_bsp.a(alt_sys_init.o)
 .debug_aranges
                0x000004e8       0x20 ../hello_world_bsp\libhal_bsp.a(altera_avalon_jtag_uart_fd.o)
 .debug_aranges
                0x00000508       0x20 ../hello_world_bsp\libhal_bsp.a(altera_avalon_jtag_uart_init.o)
 .debug_aranges
                0x00000528       0x20 ../hello_world_bsp\libhal_bsp.a(altera_avalon_jtag_uart_ioctl.o)
 .debug_aranges
                0x00000548       0x20 ../hello_world_bsp\libhal_bsp.a(altera_avalon_jtag_uart_read.o)
 .debug_aranges
                0x00000568       0x20 ../hello_world_bsp\libhal_bsp.a(altera_avalon_jtag_uart_write.o)
 .debug_aranges
                0x00000588       0x20 ../hello_world_bsp\libhal_bsp.a(alt_alarm_start.o)
 .debug_aranges
                0x000005a8       0x20 ../hello_world_bsp\libhal_bsp.a(alt_dcache_flush_all.o)
 .debug_aranges
                0x000005c8       0x20 ../hello_world_bsp\libhal_bsp.a(alt_dev_llist_insert.o)
 .debug_aranges
                0x000005e8       0x20 ../hello_world_bsp\libhal_bsp.a(alt_do_ctors.o)
 .debug_aranges
                0x00000608       0x20 ../hello_world_bsp\libhal_bsp.a(alt_do_dtors.o)
 .debug_aranges
                0x00000628       0x20 ../hello_world_bsp\libhal_bsp.a(alt_icache_flush_all.o)
 .debug_aranges
                0x00000648       0x20 ../hello_world_bsp\libhal_bsp.a(alt_iic.o)
 .debug_aranges
                0x00000668       0x20 ../hello_world_bsp\libhal_bsp.a(alt_iic_isr_register.o)
 .debug_aranges
                0x00000688       0x20 ../hello_world_bsp\libhal_bsp.a(alt_io_redirect.o)
 .debug_aranges
                0x000006a8       0x30 ../hello_world_bsp\libhal_bsp.a(alt_irq_entry.o)
 .debug_aranges
                0x000006d8       0x28 ../hello_world_bsp\libhal_bsp.a(alt_irq_handler.o)
 .debug_aranges
                0x00000700       0x20 ../hello_world_bsp\libhal_bsp.a(alt_open.o)
 .debug_aranges
                0x00000720       0x20 ../hello_world_bsp\libhal_bsp.a(alt_tick.o)
 .debug_aranges
                0x00000740       0x20 ../hello_world_bsp\libhal_bsp.a(altera_nios2_qsys_irq.o)
 .debug_aranges
                0x00000760       0x38 ../hello_world_bsp\libhal_bsp.a(alt_exception_entry.o)
 .debug_aranges
                0x00000798       0x20 ../hello_world_bsp\libhal_bsp.a(alt_find_dev.o)
 .debug_aranges
                0x000007b8       0x20 ../hello_world_bsp\libhal_bsp.a(alt_find_file.o)
 .debug_aranges
                0x000007d8       0x20 ../hello_world_bsp\libhal_bsp.a(alt_get_fd.o)
 .debug_aranges
                0x000007f8       0x20 ../hello_world_bsp\libhal_bsp.a(alt_icache_flush.o)
 .debug_aranges
                0x00000818       0x20 c:/altera/10.1/nios2eds/bin/gnu/h-i686-mingw32/bin/../lib/gcc/nios2-elf/4.1.2/../../../../nios2-elf/lib\libc.a(lib_a-atexit.o)
 .debug_aranges
                0x00000838       0x20 c:/altera/10.1/nios2eds/bin/gnu/h-i686-mingw32/bin/../lib/gcc/nios2-elf/4.1.2/../../../../nios2-elf/lib\libc.a(lib_a-exit.o)
 .debug_aranges
                0x00000858       0x20 c:/altera/10.1/nios2eds/bin/gnu/h-i686-mingw32/bin/../lib/gcc/nios2-elf/4.1.2/../../../../nios2-elf/lib\libc.a(lib_a-memcmp.o)
 .debug_aranges
                0x00000878       0x20 c:/altera/10.1/nios2eds/bin/gnu/h-i686-mingw32/bin/../lib/gcc/nios2-elf/4.1.2/../../../../nios2-elf/lib\libc.a(lib_a-__atexit.o)
 .debug_aranges
                0x00000898       0x20 c:/altera/10.1/nios2eds/bin/gnu/h-i686-mingw32/bin/../lib/gcc/nios2-elf/4.1.2/../../../../nios2-elf/lib\libc.a(lib_a-__call_atexit.o)
 .debug_aranges
                0x000008b8       0x20 ../hello_world_bsp\libhal_bsp.a(alt_exit.o)

.debug_pubnames
                0x00000000      0xd22
 *(.debug_pubnames)
 .debug_pubnames
                0x00000000       0x1b obj/hello_world.o
 .debug_pubnames
                0x0000001b       0x27 c:/altera/10.1/nios2eds/bin/gnu/h-i686-mingw32/bin/../lib/gcc/nios2-elf/4.1.2/../../../../nios2-elf/lib\libc.a(lib_a-puts.o)
 .debug_pubnames
                0x00000042       0x1d c:/altera/10.1/nios2eds/bin/gnu/h-i686-mingw32/bin/../lib/gcc/nios2-elf/4.1.2/../../../../nios2-elf/lib\libc.a(lib_a-strlen.o)
 .debug_pubnames
                0x0000005f       0x23 c:/altera/10.1/nios2eds/bin/gnu/h-i686-mingw32/bin/../lib/gcc/nios2-elf/4.1.2/../../../../nios2-elf/lib\libc.a(lib_a-fvwrite.o)
 .debug_pubnames
                0x00000082       0x39 c:/altera/10.1/nios2eds/bin/gnu/h-i686-mingw32/bin/../lib/gcc/nios2-elf/4.1.2/../../../../nios2-elf/lib\libc.a(lib_a-impure.o)
 .debug_pubnames
                0x000000bb       0xce c:/altera/10.1/nios2eds/bin/gnu/h-i686-mingw32/bin/../lib/gcc/nios2-elf/4.1.2/../../../../nios2-elf/lib\libc.a(lib_a-mallocr.o)
 .debug_pubnames
                0x00000189       0x1d c:/altera/10.1/nios2eds/bin/gnu/h-i686-mingw32/bin/../lib/gcc/nios2-elf/4.1.2/../../../../nios2-elf/lib\libc.a(lib_a-memchr.o)
 .debug_pubnames
                0x000001a6       0x1d c:/altera/10.1/nios2eds/bin/gnu/h-i686-mingw32/bin/../lib/gcc/nios2-elf/4.1.2/../../../../nios2-elf/lib\libc.a(lib_a-memcpy.o)
 .debug_pubnames
                0x000001c3       0x1e c:/altera/10.1/nios2eds/bin/gnu/h-i686-mingw32/bin/../lib/gcc/nios2-elf/4.1.2/../../../../nios2-elf/lib\libc.a(lib_a-memmove.o)
 .debug_pubnames
                0x000001e1       0x21 c:/altera/10.1/nios2eds/bin/gnu/h-i686-mingw32/bin/../lib/gcc/nios2-elf/4.1.2/../../../../nios2-elf/lib\libc.a(lib_a-reallocr.o)
 .debug_pubnames
                0x00000202       0x1e c:/altera/10.1/nios2eds/bin/gnu/h-i686-mingw32/bin/../lib/gcc/nios2-elf/4.1.2/../../../../nios2-elf/lib\libc.a(lib_a-sbrkr.o)
 .debug_pubnames
                0x00000220       0x22 c:/altera/10.1/nios2eds/bin/gnu/h-i686-mingw32/bin/../lib/gcc/nios2-elf/4.1.2/../../../../nios2-elf/lib\libc.a(lib_a-wsetup.o)
 .debug_pubnames
                0x00000242       0x2b c:/altera/10.1/nios2eds/bin/gnu/h-i686-mingw32/bin/../lib/gcc/nios2-elf/4.1.2/../../../../nios2-elf/lib\libc.a(lib_a-fflush.o)
 .debug_pubnames
                0x0000026d       0xdb c:/altera/10.1/nios2eds/bin/gnu/h-i686-mingw32/bin/../lib/gcc/nios2-elf/4.1.2/../../../../nios2-elf/lib\libc.a(lib_a-findfp.o)
 .debug_pubnames
                0x00000348       0x31 c:/altera/10.1/nios2eds/bin/gnu/h-i686-mingw32/bin/../lib/gcc/nios2-elf/4.1.2/../../../../nios2-elf/lib\libc.a(lib_a-freer.o)
 .debug_pubnames
                0x00000379       0x2e c:/altera/10.1/nios2eds/bin/gnu/h-i686-mingw32/bin/../lib/gcc/nios2-elf/4.1.2/../../../../nios2-elf/lib\libc.a(lib_a-fwalk.o)
 .debug_pubnames
                0x000003a7       0x1c c:/altera/10.1/nios2eds/bin/gnu/h-i686-mingw32/bin/../lib/gcc/nios2-elf/4.1.2/../../../../nios2-elf/lib\libc.a(lib_a-int_errno.o)
 .debug_pubnames
                0x000003c3       0x23 c:/altera/10.1/nios2eds/bin/gnu/h-i686-mingw32/bin/../lib/gcc/nios2-elf/4.1.2/../../../../nios2-elf/lib\libc.a(lib_a-makebuf.o)
 .debug_pubnames
                0x000003e6       0x1d c:/altera/10.1/nios2eds/bin/gnu/h-i686-mingw32/bin/../lib/gcc/nios2-elf/4.1.2/../../../../nios2-elf/lib\libc.a(lib_a-memset.o)
 .debug_pubnames
                0x00000403       0x44 c:/altera/10.1/nios2eds/bin/gnu/h-i686-mingw32/bin/../lib/gcc/nios2-elf/4.1.2/../../../../nios2-elf/lib\libc.a(lib_a-stdio.o)
 .debug_pubnames
                0x00000447       0x1f c:/altera/10.1/nios2eds/bin/gnu/h-i686-mingw32/bin/../lib/gcc/nios2-elf/4.1.2/../../../../nios2-elf/lib\libc.a(lib_a-writer.o)
 .debug_pubnames
                0x00000466       0x1f c:/altera/10.1/nios2eds/bin/gnu/h-i686-mingw32/bin/../lib/gcc/nios2-elf/4.1.2/../../../../nios2-elf/lib\libc.a(lib_a-closer.o)
 .debug_pubnames
                0x00000485       0x2b c:/altera/10.1/nios2eds/bin/gnu/h-i686-mingw32/bin/../lib/gcc/nios2-elf/4.1.2/../../../../nios2-elf/lib\libc.a(lib_a-fclose.o)
 .debug_pubnames
                0x000004b0       0x1f c:/altera/10.1/nios2eds/bin/gnu/h-i686-mingw32/bin/../lib/gcc/nios2-elf/4.1.2/../../../../nios2-elf/lib\libc.a(lib_a-fstatr.o)
 .debug_pubnames
                0x000004cf       0x20 c:/altera/10.1/nios2eds/bin/gnu/h-i686-mingw32/bin/../lib/gcc/nios2-elf/4.1.2/../../../../nios2-elf/lib\libc.a(lib_a-isattyr.o)
 .debug_pubnames
                0x000004ef       0x1f c:/altera/10.1/nios2eds/bin/gnu/h-i686-mingw32/bin/../lib/gcc/nios2-elf/4.1.2/../../../../nios2-elf/lib\libc.a(lib_a-lseekr.o)
 .debug_pubnames
                0x0000050e       0x1e c:/altera/10.1/nios2eds/bin/gnu/h-i686-mingw32/bin/../lib/gcc/nios2-elf/4.1.2/../../../../nios2-elf/lib\libc.a(lib_a-readr.o)
 .debug_pubnames
                0x0000052c       0x1c ../hello_world_bsp\libhal_bsp.a(alt_close.o)
 .debug_pubnames
                0x00000548       0x63 ../hello_world_bsp\libhal_bsp.a(alt_dev.o)
 .debug_pubnames
                0x000005ab       0x20 ../hello_world_bsp\libhal_bsp.a(alt_errno.o)
 .debug_pubnames
                0x000005cb       0x1c ../hello_world_bsp\libhal_bsp.a(alt_fstat.o)
 .debug_pubnames
                0x000005e7       0x1d ../hello_world_bsp\libhal_bsp.a(alt_isatty.o)
 .debug_pubnames
                0x00000604       0x1f ../hello_world_bsp\libhal_bsp.a(alt_load.o)
 .debug_pubnames
                0x00000623       0x1c ../hello_world_bsp\libhal_bsp.a(alt_lseek.o)
 .debug_pubnames
                0x0000063f       0x46 ../hello_world_bsp\libhal_bsp.a(alt_main.o)
 .debug_pubnames
                0x00000685       0x38 ../hello_world_bsp\libhal_bsp.a(alt_malloc_lock.o)
 .debug_pubnames
                0x000006bd       0x1b ../hello_world_bsp\libhal_bsp.a(alt_read.o)
 .debug_pubnames
                0x000006d8       0x25 ../hello_world_bsp\libhal_bsp.a(alt_release_fd.o)
 .debug_pubnames
                0x000006fd       0x1b ../hello_world_bsp\libhal_bsp.a(alt_sbrk.o)
 .debug_pubnames
                0x00000718       0x1c ../hello_world_bsp\libhal_bsp.a(alt_write.o)
 .debug_pubnames
                0x00000734       0x34 ../hello_world_bsp\libhal_bsp.a(alt_sys_init.o)
 .debug_pubnames
                0x00000768       0xa5 ../hello_world_bsp\libhal_bsp.a(altera_avalon_jtag_uart_fd.o)
 .debug_pubnames
                0x0000080d       0x55 ../hello_world_bsp\libhal_bsp.a(altera_avalon_jtag_uart_init.o)
 .debug_pubnames
                0x00000862       0x34 ../hello_world_bsp\libhal_bsp.a(altera_avalon_jtag_uart_ioctl.o)
 .debug_pubnames
                0x00000896       0x33 ../hello_world_bsp\libhal_bsp.a(altera_avalon_jtag_uart_read.o)
 .debug_pubnames
                0x000008c9       0x34 ../hello_world_bsp\libhal_bsp.a(altera_avalon_jtag_uart_write.o)
 .debug_pubnames
                0x000008fd       0x26 ../hello_world_bsp\libhal_bsp.a(alt_alarm_start.o)
 .debug_pubnames
                0x00000923       0x2b ../hello_world_bsp\libhal_bsp.a(alt_dcache_flush_all.o)
 .debug_pubnames
                0x0000094e       0x2b ../hello_world_bsp\libhal_bsp.a(alt_dev_llist_insert.o)
 .debug_pubnames
                0x00000979       0x20 ../hello_world_bsp\libhal_bsp.a(alt_do_ctors.o)
 .debug_pubnames
                0x00000999       0x20 ../hello_world_bsp\libhal_bsp.a(alt_do_dtors.o)
 .debug_pubnames
                0x000009b9       0x2b ../hello_world_bsp\libhal_bsp.a(alt_icache_flush_all.o)
 .debug_pubnames
                0x000009e4       0x6e ../hello_world_bsp\libhal_bsp.a(alt_iic.o)
 .debug_pubnames
                0x00000a52       0x2b ../hello_world_bsp\libhal_bsp.a(alt_iic_isr_register.o)
 .debug_pubnames
                0x00000a7d       0x26 ../hello_world_bsp\libhal_bsp.a(alt_io_redirect.o)
 .debug_pubnames
                0x00000aa3       0x32 ../hello_world_bsp\libhal_bsp.a(alt_irq_handler.o)
 .debug_pubnames
                0x00000ad5       0x3b ../hello_world_bsp\libhal_bsp.a(alt_irq_vars.o)
 .debug_pubnames
                0x00000b10       0x1b ../hello_world_bsp\libhal_bsp.a(alt_open.o)
 .debug_pubnames
                0x00000b2b       0x68 ../hello_world_bsp\libhal_bsp.a(alt_tick.o)
 .debug_pubnames
                0x00000b93       0x31 ../hello_world_bsp\libhal_bsp.a(altera_nios2_qsys_irq.o)
 .debug_pubnames
                0x00000bc4       0x23 ../hello_world_bsp\libhal_bsp.a(alt_find_dev.o)
 .debug_pubnames
                0x00000be7       0x24 ../hello_world_bsp\libhal_bsp.a(alt_find_file.o)
 .debug_pubnames
                0x00000c0b       0x21 ../hello_world_bsp\libhal_bsp.a(alt_get_fd.o)
 .debug_pubnames
                0x00000c2c       0x27 ../hello_world_bsp\libhal_bsp.a(alt_icache_flush.o)
 .debug_pubnames
                0x00000c53       0x2a c:/altera/10.1/nios2eds/bin/gnu/h-i686-mingw32/bin/../lib/gcc/nios2-elf/4.1.2/../../../../nios2-elf/lib\libc.a(lib_a-atexit.o)
 .debug_pubnames
                0x00000c7d       0x1b c:/altera/10.1/nios2eds/bin/gnu/h-i686-mingw32/bin/../lib/gcc/nios2-elf/4.1.2/../../../../nios2-elf/lib\libc.a(lib_a-exit.o)
 .debug_pubnames
                0x00000c98       0x1d c:/altera/10.1/nios2eds/bin/gnu/h-i686-mingw32/bin/../lib/gcc/nios2-elf/4.1.2/../../../../nios2-elf/lib\libc.a(lib_a-memcmp.o)
 .debug_pubnames
                0x00000cb5       0x2a c:/altera/10.1/nios2eds/bin/gnu/h-i686-mingw32/bin/../lib/gcc/nios2-elf/4.1.2/../../../../nios2-elf/lib\libc.a(lib_a-__atexit.o)
 .debug_pubnames
                0x00000cdf       0x27 c:/altera/10.1/nios2eds/bin/gnu/h-i686-mingw32/bin/../lib/gcc/nios2-elf/4.1.2/../../../../nios2-elf/lib\libc.a(lib_a-__call_atexit.o)
 .debug_pubnames
                0x00000d06       0x1c ../hello_world_bsp\libhal_bsp.a(alt_exit.o)

.debug_info     0x00000000    0x19a9d
 *(.debug_info .gnu.linkonce.wi.*)
 .debug_info    0x00000000       0xa1 ../hello_world_bsp/obj/HAL/src/crt0.o
 .debug_info    0x000000a1      0x149 obj/hello_world.o
 .debug_info    0x000001ea      0xa25 c:/altera/10.1/nios2eds/bin/gnu/h-i686-mingw32/bin/../lib/gcc/nios2-elf/4.1.2/../../../../nios2-elf/lib\libc.a(lib_a-puts.o)
 .debug_info    0x00000c0f       0xdb c:/altera/10.1/nios2eds/bin/gnu/h-i686-mingw32/bin/../lib/gcc/nios2-elf/4.1.2/../../../../nios2-elf/lib\libc.a(lib_a-strlen.o)
 .debug_info    0x00000cea      0xa88 c:/altera/10.1/nios2eds/bin/gnu/h-i686-mingw32/bin/../lib/gcc/nios2-elf/4.1.2/../../../../nios2-elf/lib\libc.a(lib_a-fvwrite.o)
 .debug_info    0x00001772      0x93d c:/altera/10.1/nios2eds/bin/gnu/h-i686-mingw32/bin/../lib/gcc/nios2-elf/4.1.2/../../../../nios2-elf/lib\libc.a(lib_a-impure.o)
 .debug_info    0x000020af      0xcd0 c:/altera/10.1/nios2eds/bin/gnu/h-i686-mingw32/bin/../lib/gcc/nios2-elf/4.1.2/../../../../nios2-elf/lib\libc.a(lib_a-mallocr.o)
 .debug_info    0x00002d7f      0x138 c:/altera/10.1/nios2eds/bin/gnu/h-i686-mingw32/bin/../lib/gcc/nios2-elf/4.1.2/../../../../nios2-elf/lib\libc.a(lib_a-memchr.o)
 .debug_info    0x00002eb7      0x106 c:/altera/10.1/nios2eds/bin/gnu/h-i686-mingw32/bin/../lib/gcc/nios2-elf/4.1.2/../../../../nios2-elf/lib\libc.a(lib_a-memcpy.o)
 .debug_info    0x00002fbd      0x13e c:/altera/10.1/nios2eds/bin/gnu/h-i686-mingw32/bin/../lib/gcc/nios2-elf/4.1.2/../../../../nios2-elf/lib\libc.a(lib_a-memmove.o)
 .debug_info    0x000030fb      0xbd7 c:/altera/10.1/nios2eds/bin/gnu/h-i686-mingw32/bin/../lib/gcc/nios2-elf/4.1.2/../../../../nios2-elf/lib\libc.a(lib_a-reallocr.o)
 .debug_info    0x00003cd2      0x962 c:/altera/10.1/nios2eds/bin/gnu/h-i686-mingw32/bin/../lib/gcc/nios2-elf/4.1.2/../../../../nios2-elf/lib\libc.a(lib_a-sbrkr.o)
 .debug_info    0x00004634      0x95d c:/altera/10.1/nios2eds/bin/gnu/h-i686-mingw32/bin/../lib/gcc/nios2-elf/4.1.2/../../../../nios2-elf/lib\libc.a(lib_a-wsetup.o)
 .debug_info    0x00004f91      0x9fe c:/altera/10.1/nios2eds/bin/gnu/h-i686-mingw32/bin/../lib/gcc/nios2-elf/4.1.2/../../../../nios2-elf/lib\libc.a(lib_a-fflush.o)
 .debug_info    0x0000598f      0xb72 c:/altera/10.1/nios2eds/bin/gnu/h-i686-mingw32/bin/../lib/gcc/nios2-elf/4.1.2/../../../../nios2-elf/lib\libc.a(lib_a-findfp.o)
 .debug_info    0x00006501      0xbc9 c:/altera/10.1/nios2eds/bin/gnu/h-i686-mingw32/bin/../lib/gcc/nios2-elf/4.1.2/../../../../nios2-elf/lib\libc.a(lib_a-freer.o)
 .debug_info    0x000070ca      0xaed c:/altera/10.1/nios2eds/bin/gnu/h-i686-mingw32/bin/../lib/gcc/nios2-elf/4.1.2/../../../../nios2-elf/lib\libc.a(lib_a-fwalk.o)
 .debug_info    0x00007bb7       0x8c c:/altera/10.1/nios2eds/bin/gnu/h-i686-mingw32/bin/../lib/gcc/nios2-elf/4.1.2/../../../../nios2-elf/lib\libc.a(lib_a-int_errno.o)
 .debug_info    0x00007c43      0xb1a c:/altera/10.1/nios2eds/bin/gnu/h-i686-mingw32/bin/../lib/gcc/nios2-elf/4.1.2/../../../../nios2-elf/lib\libc.a(lib_a-makebuf.o)
 .debug_info    0x0000875d      0x113 c:/altera/10.1/nios2eds/bin/gnu/h-i686-mingw32/bin/../lib/gcc/nios2-elf/4.1.2/../../../../nios2-elf/lib\libc.a(lib_a-memset.o)
 .debug_info    0x00008870      0xaac c:/altera/10.1/nios2eds/bin/gnu/h-i686-mingw32/bin/../lib/gcc/nios2-elf/4.1.2/../../../../nios2-elf/lib\libc.a(lib_a-stdio.o)
 .debug_info    0x0000931c      0x993 c:/altera/10.1/nios2eds/bin/gnu/h-i686-mingw32/bin/../lib/gcc/nios2-elf/4.1.2/../../../../nios2-elf/lib\libc.a(lib_a-writer.o)
 .debug_info    0x00009caf      0x958 c:/altera/10.1/nios2eds/bin/gnu/h-i686-mingw32/bin/../lib/gcc/nios2-elf/4.1.2/../../../../nios2-elf/lib\libc.a(lib_a-closer.o)
 .debug_info    0x0000a607      0x994 c:/altera/10.1/nios2eds/bin/gnu/h-i686-mingw32/bin/../lib/gcc/nios2-elf/4.1.2/../../../../nios2-elf/lib\libc.a(lib_a-fclose.o)
 .debug_info    0x0000af9b      0xafc c:/altera/10.1/nios2eds/bin/gnu/h-i686-mingw32/bin/../lib/gcc/nios2-elf/4.1.2/../../../../nios2-elf/lib\libc.a(lib_a-fstatr.o)
 .debug_info    0x0000ba97      0x958 c:/altera/10.1/nios2eds/bin/gnu/h-i686-mingw32/bin/../lib/gcc/nios2-elf/4.1.2/../../../../nios2-elf/lib\libc.a(lib_a-isattyr.o)
 .debug_info    0x0000c3ef      0x981 c:/altera/10.1/nios2eds/bin/gnu/h-i686-mingw32/bin/../lib/gcc/nios2-elf/4.1.2/../../../../nios2-elf/lib\libc.a(lib_a-lseekr.o)
 .debug_info    0x0000cd70      0x98c c:/altera/10.1/nios2eds/bin/gnu/h-i686-mingw32/bin/../lib/gcc/nios2-elf/4.1.2/../../../../nios2-elf/lib\libc.a(lib_a-readr.o)
 .debug_info    0x0000d6fc      0x48d ../hello_world_bsp\libhal_bsp.a(alt_close.o)
 .debug_info    0x0000db89      0x6a5 ../hello_world_bsp\libhal_bsp.a(alt_dev.o)
 .debug_info    0x0000e22e      0x18a ../hello_world_bsp\libhal_bsp.a(alt_errno.o)
 .debug_info    0x0000e3b8      0x686 ../hello_world_bsp\libhal_bsp.a(alt_fstat.o)
 .debug_info    0x0000ea3e      0x68c ../hello_world_bsp\libhal_bsp.a(alt_isatty.o)
 .debug_info    0x0000f0ca      0x2b3 ../hello_world_bsp\libhal_bsp.a(alt_load.o)
 .debug_info    0x0000f37d      0x4c0 ../hello_world_bsp\libhal_bsp.a(alt_lseek.o)
 .debug_info    0x0000f83d      0x24b ../hello_world_bsp\libhal_bsp.a(alt_main.o)
 .debug_info    0x0000fa88      0xc06 ../hello_world_bsp\libhal_bsp.a(alt_malloc_lock.o)
 .debug_info    0x0001068e      0x6b0 ../hello_world_bsp\libhal_bsp.a(alt_read.o)
 .debug_info    0x00010d3e      0x418 ../hello_world_bsp\libhal_bsp.a(alt_release_fd.o)
 .debug_info    0x00011156      0x2dd ../hello_world_bsp\libhal_bsp.a(alt_sbrk.o)
 .debug_info    0x00011433      0x6b9 ../hello_world_bsp\libhal_bsp.a(alt_write.o)
 .debug_info    0x00011aec      0x6fc ../hello_world_bsp\libhal_bsp.a(alt_sys_init.o)
 .debug_info    0x000121e8      0x7ff ../hello_world_bsp\libhal_bsp.a(altera_avalon_jtag_uart_fd.o)
 .debug_info    0x000129e7      0x627 ../hello_world_bsp\libhal_bsp.a(altera_avalon_jtag_uart_init.o)
 .debug_info    0x0001300e      0x469 ../hello_world_bsp\libhal_bsp.a(altera_avalon_jtag_uart_ioctl.o)
 .debug_info    0x00013477      0x56c ../hello_world_bsp\libhal_bsp.a(altera_avalon_jtag_uart_read.o)
 .debug_info    0x000139e3      0x564 ../hello_world_bsp\libhal_bsp.a(altera_avalon_jtag_uart_write.o)
 .debug_info    0x00013f47      0x468 ../hello_world_bsp\libhal_bsp.a(alt_alarm_start.o)
 .debug_info    0x000143af      0x195 ../hello_world_bsp\libhal_bsp.a(alt_dcache_flush_all.o)
 .debug_info    0x00014544      0x2dd ../hello_world_bsp\libhal_bsp.a(alt_dev_llist_insert.o)
 .debug_info    0x00014821       0xfd ../hello_world_bsp\libhal_bsp.a(alt_do_ctors.o)
 .debug_info    0x0001491e       0xfc ../hello_world_bsp\libhal_bsp.a(alt_do_dtors.o)
 .debug_info    0x00014a1a      0x182 ../hello_world_bsp\libhal_bsp.a(alt_icache_flush_all.o)
 .debug_info    0x00014b9c      0x4b9 ../hello_world_bsp\libhal_bsp.a(alt_iic.o)
 .debug_info    0x00015055      0x33a ../hello_world_bsp\libhal_bsp.a(alt_iic_isr_register.o)
 .debug_info    0x0001538f      0x6bb ../hello_world_bsp\libhal_bsp.a(alt_io_redirect.o)
 .debug_info    0x00015a4a       0xaa ../hello_world_bsp\libhal_bsp.a(alt_irq_entry.o)
 .debug_info    0x00015af4      0x29b ../hello_world_bsp\libhal_bsp.a(alt_irq_handler.o)
 .debug_info    0x00015d8f      0x18d ../hello_world_bsp\libhal_bsp.a(alt_irq_vars.o)
 .debug_info    0x00015f1c      0x54b ../hello_world_bsp\libhal_bsp.a(alt_open.o)
 .debug_info    0x00016467      0x424 ../hello_world_bsp\libhal_bsp.a(alt_tick.o)
 .debug_info    0x0001688b      0x189 ../hello_world_bsp\libhal_bsp.a(altera_nios2_qsys_irq.o)
 .debug_info    0x00016a14       0xb0 ../hello_world_bsp\libhal_bsp.a(alt_exception_entry.o)
 .debug_info    0x00016ac4      0x43e ../hello_world_bsp\libhal_bsp.a(alt_find_dev.o)
 .debug_info    0x00016f02      0x445 ../hello_world_bsp\libhal_bsp.a(alt_find_file.o)
 .debug_info    0x00017347      0x486 ../hello_world_bsp\libhal_bsp.a(alt_get_fd.o)
 .debug_info    0x000177cd      0x1ca ../hello_world_bsp\libhal_bsp.a(alt_icache_flush.o)
 .debug_info    0x00017997      0x181 c:/altera/10.1/nios2eds/bin/gnu/h-i686-mingw32/bin/../lib/gcc/nios2-elf/4.1.2/../../../../nios2-elf/lib\libc.a(lib_a-atexit.o)
 .debug_info    0x00017b18      0x93f c:/altera/10.1/nios2eds/bin/gnu/h-i686-mingw32/bin/../lib/gcc/nios2-elf/4.1.2/../../../../nios2-elf/lib\libc.a(lib_a-exit.o)
 .debug_info    0x00018457      0x115 c:/altera/10.1/nios2eds/bin/gnu/h-i686-mingw32/bin/../lib/gcc/nios2-elf/4.1.2/../../../../nios2-elf/lib\libc.a(lib_a-memcmp.o)
 .debug_info    0x0001856c      0x99c c:/altera/10.1/nios2eds/bin/gnu/h-i686-mingw32/bin/../lib/gcc/nios2-elf/4.1.2/../../../../nios2-elf/lib\libc.a(lib_a-__atexit.o)
 .debug_info    0x00018f08      0x9e2 c:/altera/10.1/nios2eds/bin/gnu/h-i686-mingw32/bin/../lib/gcc/nios2-elf/4.1.2/../../../../nios2-elf/lib\libc.a(lib_a-__call_atexit.o)
 .debug_info    0x000198ea      0x1b3 ../hello_world_bsp\libhal_bsp.a(alt_exit.o)

.debug_abbrev   0x00000000     0x4dec
 *(.debug_abbrev)
 .debug_abbrev  0x00000000       0x12 ../hello_world_bsp/obj/HAL/src/crt0.o
 .debug_abbrev  0x00000012       0x4e obj/hello_world.o
 .debug_abbrev  0x00000060      0x1ac c:/altera/10.1/nios2eds/bin/gnu/h-i686-mingw32/bin/../lib/gcc/nios2-elf/4.1.2/../../../../nios2-elf/lib\libc.a(lib_a-puts.o)
 .debug_abbrev  0x0000020c       0x8b c:/altera/10.1/nios2eds/bin/gnu/h-i686-mingw32/bin/../lib/gcc/nios2-elf/4.1.2/../../../../nios2-elf/lib\libc.a(lib_a-strlen.o)
 .debug_abbrev  0x00000297      0x1a3 c:/altera/10.1/nios2eds/bin/gnu/h-i686-mingw32/bin/../lib/gcc/nios2-elf/4.1.2/../../../../nios2-elf/lib\libc.a(lib_a-fvwrite.o)
 .debug_abbrev  0x0000043a      0x157 c:/altera/10.1/nios2eds/bin/gnu/h-i686-mingw32/bin/../lib/gcc/nios2-elf/4.1.2/../../../../nios2-elf/lib\libc.a(lib_a-impure.o)
 .debug_abbrev  0x00000591      0x216 c:/altera/10.1/nios2eds/bin/gnu/h-i686-mingw32/bin/../lib/gcc/nios2-elf/4.1.2/../../../../nios2-elf/lib\libc.a(lib_a-mallocr.o)
 .debug_abbrev  0x000007a7       0xb5 c:/altera/10.1/nios2eds/bin/gnu/h-i686-mingw32/bin/../lib/gcc/nios2-elf/4.1.2/../../../../nios2-elf/lib\libc.a(lib_a-memchr.o)
 .debug_abbrev  0x0000085c       0xb5 c:/altera/10.1/nios2eds/bin/gnu/h-i686-mingw32/bin/../lib/gcc/nios2-elf/4.1.2/../../../../nios2-elf/lib\libc.a(lib_a-memcpy.o)
 .debug_abbrev  0x00000911       0xb5 c:/altera/10.1/nios2eds/bin/gnu/h-i686-mingw32/bin/../lib/gcc/nios2-elf/4.1.2/../../../../nios2-elf/lib\libc.a(lib_a-memmove.o)
 .debug_abbrev  0x000009c6      0x1c3 c:/altera/10.1/nios2eds/bin/gnu/h-i686-mingw32/bin/../lib/gcc/nios2-elf/4.1.2/../../../../nios2-elf/lib\libc.a(lib_a-reallocr.o)
 .debug_abbrev  0x00000b89      0x18c c:/altera/10.1/nios2eds/bin/gnu/h-i686-mingw32/bin/../lib/gcc/nios2-elf/4.1.2/../../../../nios2-elf/lib\libc.a(lib_a-sbrkr.o)
 .debug_abbrev  0x00000d15      0x170 c:/altera/10.1/nios2eds/bin/gnu/h-i686-mingw32/bin/../lib/gcc/nios2-elf/4.1.2/../../../../nios2-elf/lib\libc.a(lib_a-wsetup.o)
 .debug_abbrev  0x00000e85      0x1c6 c:/altera/10.1/nios2eds/bin/gnu/h-i686-mingw32/bin/../lib/gcc/nios2-elf/4.1.2/../../../../nios2-elf/lib\libc.a(lib_a-fflush.o)
 .debug_abbrev  0x0000104b      0x24c c:/altera/10.1/nios2eds/bin/gnu/h-i686-mingw32/bin/../lib/gcc/nios2-elf/4.1.2/../../../../nios2-elf/lib\libc.a(lib_a-findfp.o)
 .debug_abbrev  0x00001297      0x1d9 c:/altera/10.1/nios2eds/bin/gnu/h-i686-mingw32/bin/../lib/gcc/nios2-elf/4.1.2/../../../../nios2-elf/lib\libc.a(lib_a-freer.o)
 .debug_abbrev  0x00001470      0x1e3 c:/altera/10.1/nios2eds/bin/gnu/h-i686-mingw32/bin/../lib/gcc/nios2-elf/4.1.2/../../../../nios2-elf/lib\libc.a(lib_a-fwalk.o)
 .debug_abbrev  0x00001653       0x3b c:/altera/10.1/nios2eds/bin/gnu/h-i686-mingw32/bin/../lib/gcc/nios2-elf/4.1.2/../../../../nios2-elf/lib\libc.a(lib_a-int_errno.o)
 .debug_abbrev  0x0000168e      0x197 c:/altera/10.1/nios2eds/bin/gnu/h-i686-mingw32/bin/../lib/gcc/nios2-elf/4.1.2/../../../../nios2-elf/lib\libc.a(lib_a-makebuf.o)
 .debug_abbrev  0x00001825       0xb8 c:/altera/10.1/nios2eds/bin/gnu/h-i686-mingw32/bin/../lib/gcc/nios2-elf/4.1.2/../../../../nios2-elf/lib\libc.a(lib_a-memset.o)
 .debug_abbrev  0x000018dd      0x1c9 c:/altera/10.1/nios2eds/bin/gnu/h-i686-mingw32/bin/../lib/gcc/nios2-elf/4.1.2/../../../../nios2-elf/lib\libc.a(lib_a-stdio.o)
 .debug_abbrev  0x00001aa6      0x184 c:/altera/10.1/nios2eds/bin/gnu/h-i686-mingw32/bin/../lib/gcc/nios2-elf/4.1.2/../../../../nios2-elf/lib\libc.a(lib_a-writer.o)
 .debug_abbrev  0x00001c2a      0x17f c:/altera/10.1/nios2eds/bin/gnu/h-i686-mingw32/bin/../lib/gcc/nios2-elf/4.1.2/../../../../nios2-elf/lib\libc.a(lib_a-closer.o)
 .debug_abbrev  0x00001da9      0x1a7 c:/altera/10.1/nios2eds/bin/gnu/h-i686-mingw32/bin/../lib/gcc/nios2-elf/4.1.2/../../../../nios2-elf/lib\libc.a(lib_a-fclose.o)
 .debug_abbrev  0x00001f50      0x18e c:/altera/10.1/nios2eds/bin/gnu/h-i686-mingw32/bin/../lib/gcc/nios2-elf/4.1.2/../../../../nios2-elf/lib\libc.a(lib_a-fstatr.o)
 .debug_abbrev  0x000020de      0x17f c:/altera/10.1/nios2eds/bin/gnu/h-i686-mingw32/bin/../lib/gcc/nios2-elf/4.1.2/../../../../nios2-elf/lib\libc.a(lib_a-isattyr.o)
 .debug_abbrev  0x0000225d      0x18e c:/altera/10.1/nios2eds/bin/gnu/h-i686-mingw32/bin/../lib/gcc/nios2-elf/4.1.2/../../../../nios2-elf/lib\libc.a(lib_a-lseekr.o)
 .debug_abbrev  0x000023eb      0x17f c:/altera/10.1/nios2eds/bin/gnu/h-i686-mingw32/bin/../lib/gcc/nios2-elf/4.1.2/../../../../nios2-elf/lib\libc.a(lib_a-readr.o)
 .debug_abbrev  0x0000256a       0xfb ../hello_world_bsp\libhal_bsp.a(alt_close.o)
 .debug_abbrev  0x00002665       0xc7 ../hello_world_bsp\libhal_bsp.a(alt_dev.o)
 .debug_abbrev  0x0000272c       0x5e ../hello_world_bsp\libhal_bsp.a(alt_errno.o)
 .debug_abbrev  0x0000278a       0xfb ../hello_world_bsp\libhal_bsp.a(alt_fstat.o)
 .debug_abbrev  0x00002885       0xfb ../hello_world_bsp\libhal_bsp.a(alt_isatty.o)
 .debug_abbrev  0x00002980       0x88 ../hello_world_bsp\libhal_bsp.a(alt_load.o)
 .debug_abbrev  0x00002a08       0xfb ../hello_world_bsp\libhal_bsp.a(alt_lseek.o)
 .debug_abbrev  0x00002b03       0xb7 ../hello_world_bsp\libhal_bsp.a(alt_main.o)
 .debug_abbrev  0x00002bba      0x17f ../hello_world_bsp\libhal_bsp.a(alt_malloc_lock.o)
 .debug_abbrev  0x00002d39       0xfb ../hello_world_bsp\libhal_bsp.a(alt_read.o)
 .debug_abbrev  0x00002e34       0xc1 ../hello_world_bsp\libhal_bsp.a(alt_release_fd.o)
 .debug_abbrev  0x00002ef5      0x115 ../hello_world_bsp\libhal_bsp.a(alt_sbrk.o)
 .debug_abbrev  0x0000300a      0x100 ../hello_world_bsp\libhal_bsp.a(alt_write.o)
 .debug_abbrev  0x0000310a      0x142 ../hello_world_bsp\libhal_bsp.a(alt_sys_init.o)
 .debug_abbrev  0x0000324c       0xf7 ../hello_world_bsp\libhal_bsp.a(altera_avalon_jtag_uart_fd.o)
 .debug_abbrev  0x00003343      0x17c ../hello_world_bsp\libhal_bsp.a(altera_avalon_jtag_uart_init.o)
 .debug_abbrev  0x000034bf       0xf0 ../hello_world_bsp\libhal_bsp.a(altera_avalon_jtag_uart_ioctl.o)
 .debug_abbrev  0x000035af      0x191 ../hello_world_bsp\libhal_bsp.a(altera_avalon_jtag_uart_read.o)
 .debug_abbrev  0x00003740      0x18d ../hello_world_bsp\libhal_bsp.a(altera_avalon_jtag_uart_write.o)
 .debug_abbrev  0x000038cd      0x172 ../hello_world_bsp\libhal_bsp.a(alt_alarm_start.o)
 .debug_abbrev  0x00003a3f       0x57 ../hello_world_bsp\libhal_bsp.a(alt_dcache_flush_all.o)
 .debug_abbrev  0x00003a96       0xf6 ../hello_world_bsp\libhal_bsp.a(alt_dev_llist_insert.o)
 .debug_abbrev  0x00003b8c       0x74 ../hello_world_bsp\libhal_bsp.a(alt_do_ctors.o)
 .debug_abbrev  0x00003c00       0x74 ../hello_world_bsp\libhal_bsp.a(alt_do_dtors.o)
 .debug_abbrev  0x00003c74       0x3f ../hello_world_bsp\libhal_bsp.a(alt_icache_flush_all.o)
 .debug_abbrev  0x00003cb3      0x134 ../hello_world_bsp\libhal_bsp.a(alt_iic.o)
 .debug_abbrev  0x00003de7      0x14e ../hello_world_bsp\libhal_bsp.a(alt_iic_isr_register.o)
 .debug_abbrev  0x00003f35       0xf0 ../hello_world_bsp\libhal_bsp.a(alt_io_redirect.o)
 .debug_abbrev  0x00004025       0x12 ../hello_world_bsp\libhal_bsp.a(alt_irq_entry.o)
 .debug_abbrev  0x00004037      0x10c ../hello_world_bsp\libhal_bsp.a(alt_irq_handler.o)
 .debug_abbrev  0x00004143       0x44 ../hello_world_bsp\libhal_bsp.a(alt_irq_vars.o)
 .debug_abbrev  0x00004187      0x112 ../hello_world_bsp\libhal_bsp.a(alt_open.o)
 .debug_abbrev  0x00004299      0x150 ../hello_world_bsp\libhal_bsp.a(alt_tick.o)
 .debug_abbrev  0x000043e9       0x3f ../hello_world_bsp\libhal_bsp.a(altera_nios2_qsys_irq.o)
 .debug_abbrev  0x00004428       0x12 ../hello_world_bsp\libhal_bsp.a(alt_exception_entry.o)
 .debug_abbrev  0x0000443a       0xcf ../hello_world_bsp\libhal_bsp.a(alt_find_dev.o)
 .debug_abbrev  0x00004509       0xcf ../hello_world_bsp\libhal_bsp.a(alt_find_file.o)
 .debug_abbrev  0x000045d8       0xfb ../hello_world_bsp\libhal_bsp.a(alt_get_fd.o)
 .debug_abbrev  0x000046d3       0x7a ../hello_world_bsp\libhal_bsp.a(alt_icache_flush.o)
 .debug_abbrev  0x0000474d       0xb7 c:/altera/10.1/nios2eds/bin/gnu/h-i686-mingw32/bin/../lib/gcc/nios2-elf/4.1.2/../../../../nios2-elf/lib\libc.a(lib_a-atexit.o)
 .debug_abbrev  0x00004804      0x16e c:/altera/10.1/nios2eds/bin/gnu/h-i686-mingw32/bin/../lib/gcc/nios2-elf/4.1.2/../../../../nios2-elf/lib\libc.a(lib_a-exit.o)
 .debug_abbrev  0x00004972       0x7c c:/altera/10.1/nios2eds/bin/gnu/h-i686-mingw32/bin/../lib/gcc/nios2-elf/4.1.2/../../../../nios2-elf/lib\libc.a(lib_a-memcmp.o)
 .debug_abbrev  0x000049ee      0x1ae c:/altera/10.1/nios2eds/bin/gnu/h-i686-mingw32/bin/../lib/gcc/nios2-elf/4.1.2/../../../../nios2-elf/lib\libc.a(lib_a-__atexit.o)
 .debug_abbrev  0x00004b9c      0x1de c:/altera/10.1/nios2eds/bin/gnu/h-i686-mingw32/bin/../lib/gcc/nios2-elf/4.1.2/../../../../nios2-elf/lib\libc.a(lib_a-__call_atexit.o)
 .debug_abbrev  0x00004d7a       0x72 ../hello_world_bsp\libhal_bsp.a(alt_exit.o)

.debug_line     0x00000000     0xc850
 *(.debug_line)
 .debug_line    0x00000000       0xaa ../hello_world_bsp/obj/HAL/src/crt0.o
 .debug_line    0x000000aa      0x21e obj/hello_world.o
 .debug_line    0x000002c8      0x2d1 c:/altera/10.1/nios2eds/bin/gnu/h-i686-mingw32/bin/../lib/gcc/nios2-elf/4.1.2/../../../../nios2-elf/lib\libc.a(lib_a-puts.o)
 .debug_line    0x00000599      0x234 c:/altera/10.1/nios2eds/bin/gnu/h-i686-mingw32/bin/../lib/gcc/nios2-elf/4.1.2/../../../../nios2-elf/lib\libc.a(lib_a-strlen.o)
 .debug_line    0x000007cd      0x61b c:/altera/10.1/nios2eds/bin/gnu/h-i686-mingw32/bin/../lib/gcc/nios2-elf/4.1.2/../../../../nios2-elf/lib\libc.a(lib_a-fvwrite.o)
 .debug_line    0x00000de8      0x1f4 c:/altera/10.1/nios2eds/bin/gnu/h-i686-mingw32/bin/../lib/gcc/nios2-elf/4.1.2/../../../../nios2-elf/lib\libc.a(lib_a-impure.o)
 .debug_line    0x00000fdc      0x7e4 c:/altera/10.1/nios2eds/bin/gnu/h-i686-mingw32/bin/../lib/gcc/nios2-elf/4.1.2/../../../../nios2-elf/lib\libc.a(lib_a-mallocr.o)
 .debug_line    0x000017c0      0x2ca c:/altera/10.1/nios2eds/bin/gnu/h-i686-mingw32/bin/../lib/gcc/nios2-elf/4.1.2/../../../../nios2-elf/lib\libc.a(lib_a-memchr.o)
 .debug_line    0x00001a8a      0x199 c:/altera/10.1/nios2eds/bin/gnu/h-i686-mingw32/bin/../lib/gcc/nios2-elf/4.1.2/../../../../nios2-elf/lib\libc.a(lib_a-memcpy.o)
 .debug_line    0x00001c23      0x2d1 c:/altera/10.1/nios2eds/bin/gnu/h-i686-mingw32/bin/../lib/gcc/nios2-elf/4.1.2/../../../../nios2-elf/lib\libc.a(lib_a-memmove.o)
 .debug_line    0x00001ef4      0x564 c:/altera/10.1/nios2eds/bin/gnu/h-i686-mingw32/bin/../lib/gcc/nios2-elf/4.1.2/../../../../nios2-elf/lib\libc.a(lib_a-reallocr.o)
 .debug_line    0x00002458      0x260 c:/altera/10.1/nios2eds/bin/gnu/h-i686-mingw32/bin/../lib/gcc/nios2-elf/4.1.2/../../../../nios2-elf/lib\libc.a(lib_a-sbrkr.o)
 .debug_line    0x000026b8      0x2ca c:/altera/10.1/nios2eds/bin/gnu/h-i686-mingw32/bin/../lib/gcc/nios2-elf/4.1.2/../../../../nios2-elf/lib\libc.a(lib_a-wsetup.o)
 .debug_line    0x00002982      0x3e7 c:/altera/10.1/nios2eds/bin/gnu/h-i686-mingw32/bin/../lib/gcc/nios2-elf/4.1.2/../../../../nios2-elf/lib\libc.a(lib_a-fflush.o)
 .debug_line    0x00002d69      0x5db c:/altera/10.1/nios2eds/bin/gnu/h-i686-mingw32/bin/../lib/gcc/nios2-elf/4.1.2/../../../../nios2-elf/lib\libc.a(lib_a-findfp.o)
 .debug_line    0x00003344      0x5c5 c:/altera/10.1/nios2eds/bin/gnu/h-i686-mingw32/bin/../lib/gcc/nios2-elf/4.1.2/../../../../nios2-elf/lib\libc.a(lib_a-freer.o)
 .debug_line    0x00003909      0x324 c:/altera/10.1/nios2eds/bin/gnu/h-i686-mingw32/bin/../lib/gcc/nios2-elf/4.1.2/../../../../nios2-elf/lib\libc.a(lib_a-fwalk.o)
 .debug_line    0x00003c2d      0x1b9 c:/altera/10.1/nios2eds/bin/gnu/h-i686-mingw32/bin/../lib/gcc/nios2-elf/4.1.2/../../../../nios2-elf/lib\libc.a(lib_a-int_errno.o)
 .debug_line    0x00003de6      0x39d c:/altera/10.1/nios2eds/bin/gnu/h-i686-mingw32/bin/../lib/gcc/nios2-elf/4.1.2/../../../../nios2-elf/lib\libc.a(lib_a-makebuf.o)
 .debug_line    0x00004183      0x2c8 c:/altera/10.1/nios2eds/bin/gnu/h-i686-mingw32/bin/../lib/gcc/nios2-elf/4.1.2/../../../../nios2-elf/lib\libc.a(lib_a-memset.o)
 .debug_line    0x0000444b      0x366 c:/altera/10.1/nios2eds/bin/gnu/h-i686-mingw32/bin/../lib/gcc/nios2-elf/4.1.2/../../../../nios2-elf/lib\libc.a(lib_a-stdio.o)
 .debug_line    0x000047b1      0x261 c:/altera/10.1/nios2eds/bin/gnu/h-i686-mingw32/bin/../lib/gcc/nios2-elf/4.1.2/../../../../nios2-elf/lib\libc.a(lib_a-writer.o)
 .debug_line    0x00004a12      0x261 c:/altera/10.1/nios2eds/bin/gnu/h-i686-mingw32/bin/../lib/gcc/nios2-elf/4.1.2/../../../../nios2-elf/lib\libc.a(lib_a-closer.o)
 .debug_line    0x00004c73      0x2c2 c:/altera/10.1/nios2eds/bin/gnu/h-i686-mingw32/bin/../lib/gcc/nios2-elf/4.1.2/../../../../nios2-elf/lib\libc.a(lib_a-fclose.o)
 .debug_line    0x00004f35      0x23e c:/altera/10.1/nios2eds/bin/gnu/h-i686-mingw32/bin/../lib/gcc/nios2-elf/4.1.2/../../../../nios2-elf/lib\libc.a(lib_a-fstatr.o)
 .debug_line    0x00005173      0x262 c:/altera/10.1/nios2eds/bin/gnu/h-i686-mingw32/bin/../lib/gcc/nios2-elf/4.1.2/../../../../nios2-elf/lib\libc.a(lib_a-isattyr.o)
 .debug_line    0x000053d5      0x261 c:/altera/10.1/nios2eds/bin/gnu/h-i686-mingw32/bin/../lib/gcc/nios2-elf/4.1.2/../../../../nios2-elf/lib\libc.a(lib_a-lseekr.o)